Component: ARM Compiler 5.06 update 7 (build 960) Tool: armlink [4d3601]

==============================================================================

Section Cross References

    startup_stm32f411xe.o(STACK) refers (Special) to heapauxi.o(.text) for __use_two_region_memory
    startup_stm32f411xe.o(HEAP) refers (Special) to heapauxi.o(.text) for __use_two_region_memory
    startup_stm32f411xe.o(RESET) refers (Special) to heapauxi.o(.text) for __use_two_region_memory
    startup_stm32f411xe.o(RESET) refers to startup_stm32f411xe.o(STACK) for __initial_sp
    startup_stm32f411xe.o(RESET) refers to startup_stm32f411xe.o(.text) for Reset_Handler
    startup_stm32f411xe.o(RESET) refers to stm32f4xx_it.o(i.NMI_Handler) for NMI_Handler
    startup_stm32f411xe.o(RESET) refers to stm32f4xx_it.o(i.HardFault_Handler) for HardFault_Handler
    startup_stm32f411xe.o(RESET) refers to stm32f4xx_it.o(i.MemManage_Handler) for MemManage_Handler
    startup_stm32f411xe.o(RESET) refers to stm32f4xx_it.o(i.BusFault_Handler) for BusFault_Handler
    startup_stm32f411xe.o(RESET) refers to stm32f4xx_it.o(i.UsageFault_Handler) for UsageFault_Handler
    startup_stm32f411xe.o(RESET) refers to stm32f4xx_it.o(i.SVC_Handler) for SVC_Handler
    startup_stm32f411xe.o(RESET) refers to stm32f4xx_it.o(i.DebugMon_Handler) for DebugMon_Handler
    startup_stm32f411xe.o(RESET) refers to stm32f4xx_it.o(i.PendSV_Handler) for PendSV_Handler
    startup_stm32f411xe.o(RESET) refers to stm32f4xx_it.o(i.SysTick_Handler) for SysTick_Handler
    startup_stm32f411xe.o(RESET) refers to stm32f4xx_it.o(i.TIM3_IRQHandler) for TIM3_IRQHandler
    startup_stm32f411xe.o(RESET) refers to stm32f4xx_it.o(i.USART2_IRQHandler) for USART2_IRQHandler
    startup_stm32f411xe.o(RESET) refers to stm32f4xx_it.o(i.USART6_IRQHandler) for USART6_IRQHandler
    startup_stm32f411xe.o(.text) refers (Special) to heapauxi.o(.text) for __use_two_region_memory
    startup_stm32f411xe.o(.text) refers to system_stm32f4xx.o(i.SystemInit) for SystemInit
    startup_stm32f411xe.o(.text) refers to __main.o(!!!main) for __main
    startup_stm32f411xe.o(.text) refers to startup_stm32f411xe.o(HEAP) for Heap_Mem
    startup_stm32f411xe.o(.text) refers to startup_stm32f411xe.o(STACK) for Stack_Mem
    rc522.o(i.MFRC522_AntennaOff) refers to rc522.o(i.MFRC522_ClearBitMask) for MFRC522_ClearBitMask
    rc522.o(i.MFRC522_AntennaOn) refers to rc522.o(i.MFRC522_ReadRegister) for MFRC522_ReadRegister
    rc522.o(i.MFRC522_AntennaOn) refers to rc522.o(i.MFRC522_SetBitMask) for MFRC522_SetBitMask
    rc522.o(i.MFRC522_Anticoll) refers to rc522.o(i.MFRC522_WriteRegister) for MFRC522_WriteRegister
    rc522.o(i.MFRC522_Anticoll) refers to rc522.o(i.MFRC522_ToCard) for MFRC522_ToCard
    rc522.o(i.MFRC522_Auth) refers to rc522.o(i.MFRC522_ToCard) for MFRC522_ToCard
    rc522.o(i.MFRC522_Auth) refers to rc522.o(i.MFRC522_ReadRegister) for MFRC522_ReadRegister
    rc522.o(i.MFRC522_CalculateCRC) refers to rc522.o(i.MFRC522_ClearBitMask) for MFRC522_ClearBitMask
    rc522.o(i.MFRC522_CalculateCRC) refers to rc522.o(i.MFRC522_SetBitMask) for MFRC522_SetBitMask
    rc522.o(i.MFRC522_CalculateCRC) refers to rc522.o(i.MFRC522_WriteRegister) for MFRC522_WriteRegister
    rc522.o(i.MFRC522_CalculateCRC) refers to rc522.o(i.MFRC522_ReadRegister) for MFRC522_ReadRegister
    rc522.o(i.MFRC522_Check) refers to rc522.o(i.MFRC522_Request) for MFRC522_Request
    rc522.o(i.MFRC522_Check) refers to rc522.o(i.MFRC522_Anticoll) for MFRC522_Anticoll
    rc522.o(i.MFRC522_Check) refers to rc522.o(i.MFRC522_Halt) for MFRC522_Halt
    rc522.o(i.MFRC522_ClearBitMask) refers to rc522.o(i.MFRC522_ReadRegister) for MFRC522_ReadRegister
    rc522.o(i.MFRC522_ClearBitMask) refers to rc522.o(i.MFRC522_WriteRegister) for MFRC522_WriteRegister
    rc522.o(i.MFRC522_Halt) refers to rc522.o(i.MFRC522_CalculateCRC) for MFRC522_CalculateCRC
    rc522.o(i.MFRC522_Halt) refers to rc522.o(i.MFRC522_ToCard) for MFRC522_ToCard
    rc522.o(i.MFRC522_Init) refers to rc522.o(i.MFRC522_Reset) for MFRC522_Reset
    rc522.o(i.MFRC522_Init) refers to rc522.o(i.MFRC522_WriteRegister) for MFRC522_WriteRegister
    rc522.o(i.MFRC522_Init) refers to rc522.o(i.MFRC522_AntennaOn) for MFRC522_AntennaOn
    rc522.o(i.MFRC522_Read) refers to rc522.o(i.MFRC522_CalculateCRC) for MFRC522_CalculateCRC
    rc522.o(i.MFRC522_Read) refers to rc522.o(i.MFRC522_ToCard) for MFRC522_ToCard
    rc522.o(i.MFRC522_ReadRegister) refers to rc522.o(i.SPI1_ReadReg) for SPI1_ReadReg
    rc522.o(i.MFRC522_Request) refers to rc522.o(i.MFRC522_WriteRegister) for MFRC522_WriteRegister
    rc522.o(i.MFRC522_Request) refers to rc522.o(i.MFRC522_ToCard) for MFRC522_ToCard
    rc522.o(i.MFRC522_Reset) refers to rc522.o(i.MFRC522_WriteRegister) for MFRC522_WriteRegister
    rc522.o(i.MFRC522_SelectTag) refers to rc522.o(i.MFRC522_CalculateCRC) for MFRC522_CalculateCRC
    rc522.o(i.MFRC522_SelectTag) refers to rc522.o(i.MFRC522_ToCard) for MFRC522_ToCard
[...]
    x$fpl$dleqf                              0x08005ac4   Section      120  dleqf.o(x$fpl$dleqf)
    $v0                                      0x08005ac4   Number         0  dleqf.o(x$fpl$dleqf)
    x$fpl$dmul                               0x08005b3c   Section      340  dmul.o(x$fpl$dmul)
    $v0                                      0x08005b3c   Number         0  dmul.o(x$fpl$dmul)
    x$fpl$dnaninf                            0x08005c90   Section      156  dnaninf.o(x$fpl$dnaninf)
    $v0                                      0x08005c90   Number         0  dnaninf.o(x$fpl$dnaninf)
    x$fpl$dretinf                            0x08005d2c   Section       12  dretinf.o(x$fpl$dretinf)
    $v0                                      0x08005d2c   Number         0  dretinf.o(x$fpl$dretinf)
    x$fpl$drleqf                             0x08005d38   Section      108  drleqf.o(x$fpl$drleqf)
    $v0                                      0x08005d38   Number         0  drleqf.o(x$fpl$drleqf)
    x$fpl$f2d                                0x08005da4   Section       86  f2d.o(x$fpl$f2d)
    $v0                                      0x08005da4   Number         0  f2d.o(x$fpl$f2d)
    x$fpl$fnaninf                            0x08005dfa   Section      140  fnaninf.o(x$fpl$fnaninf)
    $v0                                      0x08005dfa   Number         0  fnaninf.o(x$fpl$fnaninf)
    x$fpl$fpinit                             0x08005e86   Section       10  fpinit.o(x$fpl$fpinit)
    $v0                                      0x08005e86   Number         0  fpinit.o(x$fpl$fpinit)
    x$fpl$fretinf                            0x08005e90   Section       10  fretinf.o(x$fpl$fretinf)
    $v0                                      0x08005e90   Number         0  fretinf.o(x$fpl$fretinf)
    x$fpl$ieeestatus                         0x08005e9a   Section        6  istatus.o(x$fpl$ieeestatus)
    $v0                                      0x08005e9a   Number         0  istatus.o(x$fpl$ieeestatus)
    x$fpl$printf1                            0x08005ea0   Section        4  printf1.o(x$fpl$printf1)
    $v0                                      0x08005ea0   Number         0  printf1.o(x$fpl$printf1)
    x$fpl$retnan                             0x08005ea4   Section      100  retnan.o(x$fpl$retnan)
    $v0                                      0x08005ea4   Number         0  retnan.o(x$fpl$retnan)
    x$fpl$scalbn                             0x08005f08   Section       92  scalbn.o(x$fpl$scalbn)
    $v0                                      0x08005f08   Number         0  scalbn.o(x$fpl$scalbn)
    x$fpl$scanf1                             0x08005f64   Section        4  scanf1.o(x$fpl$scanf1)
    $v0                                      0x08005f64   Number         0  scanf1.o(x$fpl$scanf1)
    x$fpl$scanf2                             0x08005f68   Section        8  scanf2.o(x$fpl$scanf2)
    $v0                                      0x08005f68   Number         0  scanf2.o(x$fpl$scanf2)
    x$fpl$trapveneer                         0x08005f70   Section       48  trapv.o(x$fpl$trapveneer)
    $v0                                      0x08005f70   Number         0  trapv.o(x$fpl$trapveneer)
    .constdata                               0x08005fa0   Section       16  system_stm32f4xx.o(.constdata)
    x$fpl$usenofp                            0x08005fa0   Section        0  usenofp.o(x$fpl$usenofp)
    .constdata                               0x08005fb0   Section        8  system_stm32f4xx.o(.constdata)
    .constdata                               0x08005fb8   Section       40  _printf_hex_int.o(.constdata)
    uc_hextab                                0x08005fb8   Data          20  _printf_hex_int.o(.constdata)
    lc_hextab                                0x08005fcc   Data          20  _printf_hex_int.o(.constdata)
    .constdata                               0x08005fe0   Section       17  __printf_flags_wp.o(.constdata)
    maptable                                 0x08005fe0   Data          17  __printf_flags_wp.o(.constdata)
    .constdata                               0x08005ff4   Section      148  bigflt0.o(.constdata)
    tenpwrs_x                                0x08005ff4   Data          60  bigflt0.o(.constdata)
    tenpwrs_i                                0x08006030   Data          64  bigflt0.o(.constdata)
    .conststring                             0x08006088   Section      164  main.o(.conststring)
    c$$dinf                                  0x0800614c   Section        8  fpconst.o(c$$dinf)
    c$$dmax                                  0x08006154   Section        8  fpconst.o(c$$dmax)
    locale$$data                             0x0800615c   Section       28  lc_numeric_c.o(locale$$data)
    __lcnum_c_name                           0x08006160   Data           2  lc_numeric_c.o(locale$$data)
    __lcnum_c_start                          0x08006168   Data           0  lc_numeric_c.o(locale$$data)
    __lcnum_c_point                          0x08006174   Data           0  lc_numeric_c.o(locale$$data)
    __lcnum_c_thousands                      0x08006176   Data           0  lc_numeric_c.o(locale$$data)
    __lcnum_c_grouping                       0x08006177   Data           0  lc_numeric_c.o(locale$$data)
    locale$$data                             0x08006178   Section      272  lc_ctype_c.o(locale$$data)
    __lcnum_c_end                            0x08006178   Data           0  lc_numeric_c.o(locale$$data)
    __lcctype_c_name                         0x0800617c   Data           2  lc_ctype_c.o(locale$$data)
    __lcctype_c_start                        0x08006184   Data           0  lc_ctype_c.o(locale$$data)
    __lcctype_c_end                          0x08006288   Data           0  lc_ctype_c.o(locale$$data)
    .data                                    0x20000000   Section       11  main.o(.data)
    .data                                    0x2000000c   Section       12  stm32f4xx_hal.o(.data)
    .data                                    0x20000018   Section        4  system_stm32f4xx.o(.data)
    .bss                                     0x2000001c   Section     1076  main.o(.bss)
    .bss                                     0x20000450   Section       32  rtc.o(.bss)
    .bss                                     0x20000470   Section       88  spi.o(.bss)
    .bss                                     0x200004c8   Section      144  tim.o(.bss)
    .bss                                     0x20000558   Section      136  usart.o(.bss)
    .bss                                     0x200005e0   Section       96  libspace.o(.bss)
    HEAP                                     0x20000640   Section      512  startup_stm32f411xe.o(HEAP)
    Heap_Mem                                 0x20000640   Data         512  startup_stm32f411xe.o(HEAP)
    STACK                                    0x20000840   Section     1024  startup_stm32f411xe.o(STACK)
    Stack_Mem                                0x20000840   Data        1024  startup_stm32f411xe.o(STACK)
    __initial_sp                             0x20000c40   Data           0  startup_stm32f411xe.o(STACK)

    Global Symbols

    Symbol Name                              Value     Ov Type        Size  Object(Section)

    BuildAttributes$$THM_ISAv4$E$P$D$K$B$S$7EM$VFPi3$EXTD16$VFPS$VFMA$PE$A:L22UL41UL21$X:L11$S22US41US21$IEEE1$IW$USESV6$~STKCKD$USESV7$~SHL$OTIME$ROPI$IEEEX$EBA8$UX$STANDARDLIB$REQ8$PRES8$EABIv2 0x00000000   Number         0  anon$$obj.o ABSOLUTE
    __ARM_use_no_argv                        0x00000000   Number         0  main.o ABSOLUTE
    _printf_flags                            0x00000000   Number         0  printf_stubs.o ABSOLUTE
    _printf_return_value                     0x00000000   Number         0  printf_stubs.o ABSOLUTE
    _printf_sizespec                         0x00000000   Number         0  printf_stubs.o ABSOLUTE
    _printf_widthprec                        0x00000000   Number         0  printf_stubs.o ABSOLUTE
    __ARM_exceptions_init                     - Undefined Weak Reference
    __alloca_initialize                       - Undefined Weak Reference
    __arm_fini_                               - Undefined Weak Reference
    __arm_preinit_                            - Undefined Weak Reference
    __cpp_initialize__aeabi_                  - Undefined Weak Reference
    __cxa_finalize                            - Undefined Weak Reference
    __sigvec_lookup                           - Undefined Weak Reference
    _atexit_init                              - Undefined Weak Reference
    _call_atexit_fns                          - Undefined Weak Reference
    _clock_init                               - Undefined Weak Reference
    _fp_trap_init                             - Undefined Weak Reference
    _fp_trap_shutdown                         - Undefined Weak Reference
    _get_lc_collate                           - Undefined Weak Reference
    _get_lc_monetary                          - Undefined Weak Reference
    _get_lc_time                              - Undefined Weak Reference
    _getenv_init                              - Undefined Weak Reference
    _handle_redirection                       - Undefined Weak Reference
    _init_alloc                               - Undefined Weak Reference
    _init_user_alloc                          - Undefined Weak Reference
    _initio                                   - Undefined Weak Reference
    _printf_mbtowc                            - Undefined Weak Reference
    _printf_truncate_signed                   - Undefined Weak Reference
    _printf_truncate_unsigned                 - Undefined Weak Reference
    _rand_init                                - Undefined Weak Reference
    _scanf_longlong                           - Undefined Weak Reference
    _scanf_mbtowc                             - Undefined Weak Reference
    _scanf_wctomb                             - Undefined Weak Reference
    _scanf_wstring                            - Undefined Weak Reference
    _signal_finish                            - Undefined Weak Reference
    _signal_init                              - Undefined Weak Reference
    _terminate_alloc                          - Undefined Weak Reference
    _terminate_user_alloc                     - Undefined Weak Reference
    _terminateio                              - Undefined Weak Reference
    __Vectors_Size                           0x00000198   Number         0  startup_stm32f411xe.o ABSOLUTE
    __Vectors                                0x08000000   Data           4  startup_stm32f411xe.o(RESET)
    __Vectors_End                            0x08000198   Data           0  startup_stm32f411xe.o(RESET)
    __main                                   0x08000199   Thumb Code     8  __main.o(!!!main)
    __scatterload                            0x080001a1   Thumb Code     0  __scatter.o(!!!scatter)
    __scatterload_rt2                        0x080001a1   Thumb Code    44  __scatter.o(!!!scatter)
    __scatterload_rt2_thumb_only             0x080001a1   Thumb Code     0  __scatter.o(!!!scatter)
    __scatterload_null                       0x080001af   Thumb Code     0  __scatter.o(!!!scatter)
    __scatterload_copy                       0x080001d5   Thumb Code    26  __scatter_copy.o(!!handler_copy)
    __scatterload_zeroinit                   0x080001f1   Thumb Code    28  __scatter_zi.o(!!handler_zi)
    _printf_f                                0x0800020d   Thumb Code     0  _printf_f.o(.ARM.Collect$$_printf_percent$$00000003)
    _printf_percent                          0x0800020d   Thumb Code     0  _printf_percent.o(.ARM.Collect$$_printf_percent$$00000000)
    _printf_d                                0x08000213   Thumb Code     0  _printf_d.o(.ARM.Collect$$_printf_percent$$00000009)
    _printf_x                                0x08000219   Thumb Code     0  _printf_x.o(.ARM.Collect$$_printf_percent$$0000000C)
    _printf_s                                0x0800021f   Thumb Code     0  _printf_s.o(.ARM.Collect$$_printf_percent$$00000014)
    _printf_percent_end                      0x08000225   Thumb Code     0  _printf_percent_end.o(.ARM.Collect$$_printf_percent$$00000017)
    __rt_lib_init                            0x08000229   Thumb Code     0  libinit.o(.ARM.Collect$$libinit$$00000000)
    __rt_lib_init_fp_1                       0x0800022b   Thumb Code     0  libinit2.o(.ARM.Collect$$libinit$$00000001)
    __rt_lib_init_heap_1                     0x0800022f   Thumb Code     0  libinit2.o(.ARM.Collect$$libinit$$0000000A)
    __rt_lib_init_lc_common                  0x0800022f   Thumb Code     0  libinit2.o(.ARM.Collect$$libinit$$0000000F)
    __rt_lib_init_preinit_1                  0x0800022f   Thumb Code     0  libinit2.o(.ARM.Collect$$libinit$$00000004)
    __rt_lib_init_rand_1                     0x0800022f   Thumb Code     0  libinit2.o(.ARM.Collect$$libinit$$0000000E)
    __rt_lib_init_user_alloc_1               0x0800022f   Thumb Code     0  libinit2.o(.ARM.Collect$$libinit$$0000000C)
    __rt_lib_init_lc_collate_1               0x08000235   Thumb Code     0  libinit2.o(.ARM.Collect$$libinit$$00000011)
    __rt_lib_init_lc_ctype_2                 0x08000235   Thumb Code     0  libinit2.o(.ARM.Collect$$libinit$$00000012)
    __rt_lib_init_lc_ctype_1                 0x08000241   Thumb Code     0  libinit2.o(.ARM.Collect$$libinit$$00000013)
    __rt_lib_init_lc_monetary_1              0x08000241   Thumb Code     0  libinit2.o(.ARM.Collect$$libinit$$00000015)
    __rt_lib_init_lc_numeric_2               0x08000241   Thumb Code     0  libinit2.o(.ARM.Collect$$libinit$$00000016)
    __rt_lib_init_alloca_1                   0x0800024b   Thumb Code     0  libinit2.o(.ARM.Collect$$libinit$$0000002E)
    __rt_lib_init_argv_1                     0x0800024b   Thumb Code     0  libinit2.o(.ARM.Collect$$libinit$$0000002C)
    __rt_lib_init_atexit_1                   0x0800024b   Thumb Code     0  libinit2.o(.ARM.Collect$$libinit$$0000001B)
    __rt_lib_init_clock_1                    0x0800024b   Thumb Code     0  libinit2.o(.ARM.Collect$$libinit$$00000021)
    __rt_lib_init_cpp_1                      0x0800024b   Thumb Code     0  libinit2.o(.ARM.Collect$$libinit$$00000032)
    __rt_lib_init_exceptions_1               0x0800024b   Thumb Code     0  libinit2.o(.ARM.Collect$$libinit$$00000030)
    __rt_lib_init_fp_trap_1                  0x0800024b   Thumb Code     0  libinit2.o(.ARM.Collect$$libinit$$0000001F)
    __rt_lib_init_getenv_1                   0x0800024b   Thumb Code     0  libinit2.o(.ARM.Collect$$libinit$$00000023)
    __rt_lib_init_lc_numeric_1               0x0800024b   Thumb Code     0  libinit2.o(.ARM.Collect$$libinit$$00000017)
    __rt_lib_init_lc_time_1                  0x0800024b   Thumb Code     0  libinit2.o(.ARM.Collect$$libinit$$00000019)
    __rt_lib_init_return                     0x0800024b   Thumb Code     0  libinit2.o(.ARM.Collect$$libinit$$00000033)
    __rt_lib_init_signal_1                   0x0800024b   Thumb Code     0  libinit2.o(.ARM.Collect$$libinit$$0000001D)
    __rt_lib_init_stdio_1                    0x0800024b   Thumb Code     0  libinit2.o(.ARM.Collect$$libinit$$00000025)
    __rt_lib_shutdown                        0x0800024d   Thumb Code     0  libshutdown.o(.ARM.Collect$$libshutdown$$00000000)
    __rt_lib_shutdown_cpp_1                  0x0800024f   Thumb Code     0  libshutdown2.o(.ARM.Collect$$libshutdown$$00000004)
    __rt_lib_shutdown_fini_1                 0x0800024f   Thumb Code     0  libshutdown2.o(.ARM.Collect$$libshutdown$$00000002)
    __rt_lib_shutdown_fp_trap_1              0x0800024f   Thumb Code     0  libshutdown2.o(.ARM.Collect$$libshutdown$$00000009)
    __rt_lib_shutdown_heap_1                 0x0800024f   Thumb Code     0  libshutdown2.o(.ARM.Collect$$libshutdown$$00000011)
    __rt_lib_shutdown_return                 0x0800024f   Thumb Code     0  libshutdown2.o(.ARM.Collect$$libshutdown$$00000012)
    __rt_lib_shutdown_signal_1               0x0800024f   Thumb Code     0  libshutdown2.o(.ARM.Collect$$libshutdown$$0000000C)
    __rt_lib_shutdown_stdio_1                0x0800024f   Thumb Code     0  libshutdown2.o(.ARM.Collect$$libshutdown$$00000006)
    __rt_lib_shutdown_user_alloc_1           0x0800024f   Thumb Code     0  libshutdown2.o(.ARM.Collect$$libshutdown$$0000000E)
    __rt_entry                               0x08000251   Thumb Code     0  __rtentry.o(.ARM.Collect$$rtentry$$00000000)
    __rt_entry_presh_1                       0x08000251   Thumb Code     0  __rtentry2.o(.ARM.Collect$$rtentry$$00000002)
    __rt_entry_sh                            0x08000251   Thumb Code     0  __rtentry4.o(.ARM.Collect$$rtentry$$00000004)
    __rt_entry_li                            0x08000257   Thumb Code     0  __rtentry2.o(.ARM.Collect$$rtentry$$0000000A)
    __rt_entry_postsh_1                      0x08000257   Thumb Code     0  __rtentry2.o(.ARM.Collect$$rtentry$$00000009)
    __rt_entry_main                          0x0800025b   Thumb Code     0  __rtentry2.o(.ARM.Collect$$rtentry$$0000000D)
    __rt_entry_postli_1                      0x0800025b   Thumb Code     0  __rtentry2.o(.ARM.Collect$$rtentry$$0000000C)
    __rt_exit                                0x08000263   Thumb Code     0  rtexit.o(.ARM.Collect$$rtexit$$00000000)
    __rt_exit_ls                             0x08000265   Thumb Code     0  rtexit2.o(.ARM.Collect$$rtexit$$00000003)
    __rt_exit_prels_1                        0x08000265   Thumb Code     0  rtexit2.o(.ARM.Collect$$rtexit$$00000002)
    __rt_exit_exit                           0x08000269   Thumb Code     0  rtexit2.o(.ARM.Collect$$rtexit$$00000004)
    Reset_Handler                            0x08000271   Thumb Code     8  startup_stm32f411xe.o(.text)
    ADC_IRQHandler                           0x0800028b   Thumb Code     0  startup_stm32f411xe.o(.text)
    DMA1_Stream0_IRQHandler                  0x0800028b   Thumb Code     0  startup_stm32f411xe.o(.text)
    DMA1_Stream1_IRQHandler                  0x0800028b   Thumb Code     0  startup_stm32f411xe.o(.text)
    DMA1_Stream2_IRQHandler                  0x0800028b   Thumb Code     0  startup_stm32f411xe.o(.text)
    DMA1_Stream3_IRQHandler                  0x0800028b   Thumb Code     0  startup_stm32f411xe.o(.text)
    DMA1_Stream4_IRQHandler                  0x0800028b   Thumb Code     0  startup_stm32f411xe.o(.text)
    DMA1_Stream5_IRQHandler                  0x0800028b   Thumb Code     0  startup_stm32f411xe.o(.text)
    DMA1_Stream6_IRQHandler                  0x0800028b   Thumb Code     0  startup_stm32f411xe.o(.text)
    DMA1_Stream7_IRQHandler                  0x0800028b   Thumb Code     0  startup_stm32f411xe.o(.text)
    DMA2_Stream0_IRQHandler                  0x0800028b   Thumb Code     0  startup_stm32f411xe.o(.text)
    DMA2_Stream1_IRQHandler                  0x0800028b   Thumb Code     0  startup_stm32f411xe.o(.text)
    DMA2_Stream2_IRQHandler                  0x0800028b   Thumb Code     0  startup_stm32f411xe.o(.text)
    DMA2_Stream3_IRQHandler                  0x0800028b   Thumb Code     0  startup_stm32f411xe.o(.text)
    DMA2_Stream4_IRQHandler                  0x0800028b   Thumb Code     0  startup_stm32f411xe.o(.text)
    DMA2_Stream5_IRQHandler                  0x0800028b   Thumb Code     0  startup_stm32f411xe.o(.text)
    DMA2_Stream6_IRQHandler                  0x0800028b   Thumb Code     0  startup_stm32f411xe.o(.text)
    DMA2_Stream7_IRQHandler                  0x0800028b   Thumb Code     0  startup_stm32f411xe.o(.text)
    EXTI0_IRQHandler                         0x0800028b   Thumb Code     0  startup_stm32f411xe.o(.text)
    EXTI15_10_IRQHandler                     0x0800028b   Thumb Code     0  startup_stm32f411xe.o(.text)
    EXTI1_IRQHandler                         0x0800028b   Thumb Code     0  startup_stm32f411xe.o(.text)
    EXTI2_IRQHandler                         0x0800028b   Thumb Code     0  startup_stm32f411xe.o(.text)
    EXTI3_IRQHandler                         0x0800028b   Thumb Code     0  startup_stm32f411xe.o(.text)
    EXTI4_IRQHandler                         0x0800028b   Thumb Code     0  startup_stm32f411xe.o(.text)
    EXTI9_5_IRQHandler                       0x0800028b   Thumb Code     0  startup_stm32f411xe.o(.text)
    FLASH_IRQHandler                         0x0800028b   Thumb Code     0  startup_stm32f411xe.o(.text)
    FPU_IRQHandler                           0x0800028b   Thumb Code     0  startup_stm32f411xe.o(.text)
    I2C1_ER_IRQHandler                       0x0800028b   Thumb Code     0  startup_stm32f411xe.o(.text)
    I2C1_EV_IRQHandler                       0x0800028b   Thumb Code     0  startup_stm32f411xe.o(.text)
    I2C2_ER_IRQHandler                       0x0800028b   Thumb Code     0  startup_stm32f411xe.o(.text)
    I2C2_EV_IRQHandler                       0x0800028b   Thumb Code     0  startup_stm32f411xe.o(.text)
    I2C3_ER_IRQHandler                       0x0800028b   Thumb Code     0  startup_stm32f411xe.o(.text)
    I2C3_EV_IRQHandler                       0x0800028b   Thumb Code     0  startup_stm32f411xe.o(.text)
    OTG_FS_IRQHandler                        0x0800028b   Thumb Code     0  startup_stm32f411xe.o(.text)
    OTG_FS_WKUP_IRQHandler                   0x0800028b   Thumb Code     0  startup_stm32f411xe.o(.text)
    PVD_IRQHandler                           0x0800028b   Thumb Code     0  startup_stm32f411xe.o(.text)
    RCC_IRQHandler                           0x0800028b   Thumb Code     0  startup_stm32f411xe.o(.text)
    RTC_Alarm_IRQHandler                     0x0800028b   Thumb Code     0  startup_stm32f411xe.o(.text)
    RTC_WKUP_IRQHandler                      0x0800028b   Thumb Code     0  startup_stm32f411xe.o(.text)
    SDIO_IRQHandler                          0x0800028b   Thumb Code     0  startup_stm32f411xe.o(.text)
    SPI1_IRQHandler                          0x0800028b   Thumb Code     0  startup_stm32f411xe.o(.text)
    SPI2_IRQHandler                          0x0800028b   Thumb Code     0  startup_stm32f411xe.o(.text)
    SPI3_IRQHandler                          0x0800028b   Thumb Code     0  startup_stm32f411xe.o(.text)
    SPI4_IRQHandler                          0x0800028b   Thumb Code     0  startup_stm32f411xe.o(.text)
    SPI5_IRQHandler                          0x0800028b   Thumb Code     0  startup_stm32f411xe.o(.text)
    TAMP_STAMP_IRQHandler                    0x0800028b   Thumb Code     0  startup_stm32f411xe.o(.text)
    TIM1_BRK_TIM9_IRQHandler                 0x0800028b   Thumb Code     0  startup_stm32f411xe.o(.text)
    TIM1_CC_IRQHandler                       0x0800028b   Thumb Code     0  startup_stm32f411xe.o(.text)
    TIM1_TRG_COM_TIM11_IRQHandler            0x0800028b   Thumb Code     0  startup_stm32f411xe.o(.text)
    TIM1_UP_TIM10_IRQHandler                 0x0800028b   Thumb Code     0  startup_stm32f411xe.o(.text)
    TIM2_IRQHandler                          0x0800028b   Thumb Code     0  startup_stm32f411xe.o(.text)
    TIM4_IRQHandler                          0x0800028b   Thumb Code     0  startup_stm32f411xe.o(.text)
    TIM5_IRQHandler                          0x0800028b   Thumb Code     0  startup_stm32f411xe.o(.text)
    USART1_IRQHandler                        0x0800028b   Thumb Code     0  startup_stm32f411xe.o(.text)
    WWDG_IRQHandler                          0x0800028b   Thumb Code     0  startup_stm32f411xe.o(.text)
    __user_initial_stackheap                 0x0800028d   Thumb Code     0  startup_stm32f411xe.o(.text)
    __aeabi_uldivmod                         0x080002b1   Thumb Code     0  lludivv7m.o(.text)
    _ll_udiv                                 0x080002b1   Thumb Code   238  lludivv7m.o(.text)
    __2sprintf                               0x080003a1   Thumb Code    34  noretval__2sprintf.o(.text)
    _printf_pre_padding                      0x080003c9   Thumb Code    44  _printf_pad.o(.text)
    _printf_post_padding                     0x080003f5   Thumb Code    34  _printf_pad.o(.text)
    _printf_str                              0x08000417   Thumb Code    82  _printf_str.o(.text)
    _printf_int_dec                          0x08000469   Thumb Code   104  _printf_dec.o(.text)
    _printf_int_hex                          0x080004e1   Thumb Code    84  _printf_hex_int.o(.text)
    _printf_longlong_hex                     0x080004e1   Thumb Code     0  _printf_hex_int.o(.text)
    __printf                                 0x08000539   Thumb Code   308  __printf_flags_wp.o(.text)
    __0sscanf                                0x08000671   Thumb Code    52  __0sscanf.o(.text)
    _scanf_int                               0x080006ad   Thumb Code   332  _scanf_int.o(.text)
    _scanf_string                            0x080007f9   Thumb Code   224  _scanf_str.o(.text)
    strcpy                                   0x080008d9   Thumb Code    72  strcpy.o(.text)
    strncmp                                  0x08000921   Thumb Code   150  strncmp.o(.text)
    __aeabi_memclr                           0x080009b7   Thumb Code     0  rt_memclr.o(.text)
    __rt_memclr                              0x080009b7   Thumb Code    68  rt_memclr.o(.text)
    _memset                                  0x080009bb   Thumb Code     0  rt_memclr.o(.text)
    __aeabi_memclr4                          0x080009fb   Thumb Code     0  rt_memclr_w.o(.text)
    __aeabi_memclr8                          0x080009fb   Thumb Code     0  rt_memclr_w.o(.text)
    __rt_memclr_w                            0x080009fb   Thumb Code    78  rt_memclr_w.o(.text)
    _memset_w                                0x080009ff   Thumb Code     0  rt_memclr_w.o(.text)
    __use_two_region_memory                  0x08000a49   Thumb Code     2  heapauxi.o(.text)
    __rt_heap_escrow$2region                 0x08000a4b   Thumb Code     2  heapauxi.o(.text)
    __rt_heap_expand$2region                 0x08000a4d   Thumb Code     2  heapauxi.o(.text)
    _printf_int_common                       0x08000a4f   Thumb Code   178  _printf_intcommon.o(.text)
    __lib_sel_fp_printf                      0x08000b01   Thumb Code     2  _printf_fp_dec.o(.text)
    _printf_fp_dec_real                      0x08000cb3   Thumb Code   620  _printf_fp_dec.o(.text)
    _printf_char_common                      0x08000f2b   Thumb Code    32  _printf_char_common.o(.text)
    _sputc                                   0x08000f51   Thumb Code    10  _sputc.o(.text)
    _printf_cs_common                        0x08000f5b   Thumb Code    20  _printf_char.o(.text)
    _printf_char                             0x08000f6f   Thumb Code    16  _printf_char.o(.text)
    _printf_string                           0x08000f7f   Thumb Code     8  _printf_char.o(.text)
    _chval                                   0x08000f87   Thumb Code    28  _chval.o(.text)
    _scanf_really_real                       0x080011f1   Thumb Code   684  scanf_fp.o(.text)
    __vfscanf_char                           0x080014a9   Thumb Code    24  scanf_char.o(.text)
    _sgetc                                   0x080014c9   Thumb Code    30  _sgetc.o(.text)
    _sbackspace                              0x080014e7   Thumb Code    34  _sgetc.o(.text)
    __rt_locale                              0x08001509   Thumb Code     8  rt_locale_intlibspace.o(.text)
    __aeabi_errno_addr                       0x08001511   Thumb Code     8  rt_errno_addr_intlibspace.o(.text)
    __errno$intlibspace                      0x08001511   Thumb Code     0  rt_errno_addr_intlibspace.o(.text)
    __rt_errno_addr$intlibspace              0x08001511   Thumb Code     0  rt_errno_addr_intlibspace.o(.text)
    _ll_udiv10                               0x08001519   Thumb Code   138  lludiv10.o(.text)
    isspace                                  0x080015a3   Thumb Code    18  isspace.o(.text)
    _printf_fp_infnan                        0x080015b5   Thumb Code   112  _printf_fp_infnan.o(.text)
    __vfscanf                                0x08001635   Thumb Code   880  _scanf.o(.text)
    _btod_etento                             0x080019a9   Thumb Code   224  bigflt0.o(.text)
    __user_libspace                          0x08001a8d   Thumb Code     8  libspace.o(.text)
    __user_perproc_libspace                  0x08001a8d   Thumb Code     0  libspace.o(.text)
    __user_perthread_libspace                0x08001a8d   Thumb Code     0  libspace.o(.text)
    __user_setup_stackheap                   0x08001a95   Thumb Code    74  sys_stackheap_outer.o(.text)
    __rt_ctype_table                         0x08001ae1   Thumb Code    16  rt_ctype_table.o(.text)
    __read_errno                             0x08001af1   Thumb Code    10  _rserrno.o(.text)
    __set_errno                              0x08001afb   Thumb Code    12  _rserrno.o(.text)
    _scanf_really_hex_real                   0x08001b09   Thumb Code   786  scanf_hexfp.o(.text)
    _scanf_really_infnan                     0x08001e29   Thumb Code   292  scanf_infnan.o(.text)
    exit                                     0x08001f5d   Thumb Code    18  exit.o(.text)
    strcmp                                   0x08001f71   Thumb Code   128  strcmpv7m.o(.text)
    __aeabi_llsl                             0x08001ff1   Thumb Code     0  llshl.o(.text)
    _ll_shift_l                              0x08001ff1   Thumb Code    38  llshl.o(.text)
    _sys_exit                                0x08002019   Thumb Code     8  sys_exit.o(.text)
    __I$use$semihosting                      0x08002025   Thumb Code     0  use_no_semi.o(.text)
    __use_no_semihosting_swi                 0x08002025   Thumb Code     2  use_no_semi.o(.text)
    __semihosting_library_function           0x08002027   Thumb Code     0  indicate_semi.o(.text)
    _btod_d2e                                0x08002027   Thumb Code    62  btod.o(CL$$btod_d2e)
    _d2e_denorm_low                          0x08002065   Thumb Code    70  btod.o(CL$$btod_d2e_denorm_low)
    _d2e_norm_op1                            0x080020ab   Thumb Code    96  btod.o(CL$$btod_d2e_norm_op1)
    __btod_div_common                        0x0800210b   Thumb Code   696  btod.o(CL$$btod_div_common)
    _e2d                                     0x08002445   Thumb Code   122  btod.o(CL$$btod_e2d)
    _e2e                                     0x080024c9   Thumb Code   220  btod.o(CL$$btod_e2e)
    _btod_ediv                               0x080025a5   Thumb Code    42  btod.o(CL$$btod_ediv)
    _btod_edivd                              0x080025cf   Thumb Code    42  btod.o(CL$$btod_edivd)
    _btod_emul                               0x080025f9   Thumb Code    42  btod.o(CL$$btod_emul)
    _btod_emuld                              0x08002623   Thumb Code    42  btod.o(CL$$btod_emuld)
    __btod_mult_common                       0x0800264d   Thumb Code   580  btod.o(CL$$btod_mult_common)
    BusFault_Handler                         0x08002891   Thumb Code     2  stm32f4xx_it.o(i.BusFault_Handler)
    DebugMon_Handler                         0x08002893   Thumb Code     2  stm32f4xx_it.o(i.DebugMon_Handler)
    Error_Handler                            0x08002895   Thumb Code     4  main.o(i.Error_Handler)
    GPS_Init                                 0x08002899   Thumb Code    10  main.o(i.GPS_Init)
    GPS_UART_CallBack                        0x080028ad   Thumb Code    66  main.o(i.GPS_UART_CallBack)
    GPS_nmea_to_dec                          0x080028fd   Thumb Code    66  main.o(i.GPS_nmea_to_dec)
    GPS_parse                                0x08002949   Thumb Code   262  main.o(i.GPS_parse)
    GPS_validate                             0x08002af9   Thumb Code    80  main.o(i.GPS_validate)
    HAL_DMA_Abort                            0x08002b51   Thumb Code   146  stm32f4xx_hal_dma.o(i.HAL_DMA_Abort)
    HAL_DMA_Abort_IT                         0x08002be3   Thumb Code    36  stm32f4xx_hal_dma.o(i.HAL_DMA_Abort_IT)
    HAL_Delay                                0x08002c09   Thumb Code    32  stm32f4xx_hal.o(i.HAL_Delay)
    HAL_GPIO_Init                            0x08002c2d   Thumb Code   446  stm32f4xx_hal_gpio.o(i.HAL_GPIO_Init)
    HAL_GPIO_WritePin                        0x08002e0d   Thumb Code    10  stm32f4xx_hal_gpio.o(i.HAL_GPIO_WritePin)
    HAL_GetTick                              0x08002e19   Thumb Code     6  stm32f4xx_hal.o(i.HAL_GetTick)
    HAL_IncTick                              0x08002e25   Thumb Code    12  stm32f4xx_hal.o(i.HAL_IncTick)
    HAL_Init                                 0x08002e35   Thumb Code    48  stm32f4xx_hal.o(i.HAL_Init)
    HAL_InitTick                             0x08002e69   Thumb Code    54  stm32f4xx_hal.o(i.HAL_InitTick)
    HAL_MspInit                              0x08002ea9   Thumb Code    42  stm32f4xx_hal_msp.o(i.HAL_MspInit)
    HAL_NVIC_EnableIRQ                       0x08002ed9   Thumb Code    26  stm32f4xx_hal_cortex.o(i.HAL_NVIC_EnableIRQ)
    HAL_NVIC_SetPriority                     0x08002ef5   Thumb Code    60  stm32f4xx_hal_cortex.o(i.HAL_NVIC_SetPriority)
    HAL_NVIC_SetPriorityGrouping             0x08002f35   Thumb Code    26  stm32f4xx_hal_cortex.o(i.HAL_NVIC_SetPriorityGrouping)
    HAL_RCCEx_PeriphCLKConfig                0x08002f59   Thumb Code   314  stm32f4xx_hal_rcc_ex.o(i.HAL_RCCEx_PeriphCLKConfig)
    HAL_RCC_ClockConfig                      0x080030ad   Thumb Code   288  stm32f4xx_hal_rcc.o(i.HAL_RCC_ClockConfig)
    HAL_RCC_GetPCLK1Freq                     0x080031e1   Thumb Code    20  stm32f4xx_hal_rcc.o(i.HAL_RCC_GetPCLK1Freq)
    HAL_RCC_GetPCLK2Freq                     0x08003201   Thumb Code    20  stm32f4xx_hal_rcc.o(i.HAL_RCC_GetPCLK2Freq)
    HAL_RCC_GetSysClockFreq                  0x08003221   Thumb Code    88  stm32f4xx_hal_rcc.o(i.HAL_RCC_GetSysClockFreq)
    HAL_RCC_OscConfig                        0x08003285   Thumb Code   856  stm32f4xx_hal_rcc.o(i.HAL_RCC_OscConfig)
    HAL_RTC_GetDate                          0x080035f1   Thumb Code    62  stm32f4xx_hal_rtc.o(i.HAL_RTC_GetDate)
    HAL_RTC_GetTime                          0x08003635   Thumb Code    82  stm32f4xx_hal_rtc.o(i.HAL_RTC_GetTime)
    HAL_RTC_Init                             0x0800368d   Thumb Code   166  stm32f4xx_hal_rtc.o(i.HAL_RTC_Init)
    HAL_RTC_MspInit                          0x08003739   Thumb Code    52  rtc.o(i.HAL_RTC_MspInit)
    HAL_RTC_SetDate                          0x08003775   Thumb Code   194  stm32f4xx_hal_rtc.o(i.HAL_RTC_SetDate)
    HAL_RTC_SetTime                          0x0800383d   Thumb Code   230  stm32f4xx_hal_rtc.o(i.HAL_RTC_SetTime)
    HAL_RTC_WaitForSynchro                   0x08003929   Thumb Code    54  stm32f4xx_hal_rtc.o(i.HAL_RTC_WaitForSynchro)
    HAL_SPI_Init                             0x0800395f   Thumb Code   188  stm32f4xx_hal_spi.o(i.HAL_SPI_Init)
    HAL_SPI_MspInit                          0x08003a1d   Thumb Code    92  spi.o(i.HAL_SPI_MspInit)
    HAL_SPI_TransmitReceive                  0x08003a85   Thumb Code   482  stm32f4xx_hal_spi.o(i.HAL_SPI_TransmitReceive)
    HAL_SYSTICK_Config                       0x08003c67   Thumb Code    40  stm32f4xx_hal_cortex.o(i.HAL_SYSTICK_Config)
    HAL_TIMEx_BreakCallback                  0x08003c8f   Thumb Code     2  stm32f4xx_hal_tim_ex.o(i.HAL_TIMEx_BreakCallback)
    HAL_TIMEx_CommutCallback                 0x08003c91   Thumb Code     2  stm32f4xx_hal_tim_ex.o(i.HAL_TIMEx_CommutCallback)
    HAL_TIMEx_MasterConfigSynchronization    0x08003c95   Thumb Code   104  stm32f4xx_hal_tim_ex.o(i.HAL_TIMEx_MasterConfigSynchronization)
    HAL_TIM_Base_Init                        0x08003d11   Thumb Code    90  stm32f4xx_hal_tim.o(i.HAL_TIM_Base_Init)
    HAL_TIM_Base_MspInit                     0x08003d6d   Thumb Code    72  tim.o(i.HAL_TIM_Base_MspInit)
    HAL_TIM_Base_Start                       0x08003dc1   Thumb Code    78  stm32f4xx_hal_tim.o(i.HAL_TIM_Base_Start)
    HAL_TIM_Base_Start_IT                    0x08003e25   Thumb Code    88  stm32f4xx_hal_tim.o(i.HAL_TIM_Base_Start_IT)
    HAL_TIM_ConfigClockSource                0x08003e91   Thumb Code   220  stm32f4xx_hal_tim.o(i.HAL_TIM_ConfigClockSource)
    HAL_TIM_IC_CaptureCallback               0x08003f6d   Thumb Code     2  stm32f4xx_hal_tim.o(i.HAL_TIM_IC_CaptureCallback)
    HAL_TIM_IRQHandler                       0x08003f6f   Thumb Code   358  stm32f4xx_hal_tim.o(i.HAL_TIM_IRQHandler)
    HAL_TIM_OC_DelayElapsedCallback          0x080040d5   Thumb Code     2  stm32f4xx_hal_tim.o(i.HAL_TIM_OC_DelayElapsedCallback)
    HAL_TIM_PWM_PulseFinishedCallback        0x080040d7   Thumb Code     2  stm32f4xx_hal_tim.o(i.HAL_TIM_PWM_PulseFinishedCallback)
    HAL_TIM_PeriodElapsedCallback            0x080040d9   Thumb Code   108  main.o(i.HAL_TIM_PeriodElapsedCallback)
    HAL_TIM_TriggerCallback                  0x08004155   Thumb Code     2  stm32f4xx_hal_tim.o(i.HAL_TIM_TriggerCallback)
    HAL_UARTEx_RxEventCallback               0x08004157   Thumb Code     2  stm32f4xx_hal_uart.o(i.HAL_UARTEx_RxEventCallback)
    HAL_UART_ErrorCallback                   0x08004159   Thumb Code     2  stm32f4xx_hal_uart.o(i.HAL_UART_ErrorCallback)
    HAL_UART_IRQHandler                      0x0800415d   Thumb Code   610  stm32f4xx_hal_uart.o(i.HAL_UART_IRQHandler)
    HAL_UART_Init                            0x080043c5   Thumb Code    98  stm32f4xx_hal_uart.o(i.HAL_UART_Init)
    HAL_UART_MspInit                         0x08004429   Thumb Code   186  usart.o(i.HAL_UART_MspInit)
    HAL_UART_Receive_IT                      0x080044f5   Thumb Code    42  stm32f4xx_hal_uart.o(i.HAL_UART_Receive_IT)
    HAL_UART_RxCpltCallback                  0x08004521   Thumb Code    64  main.o(i.HAL_UART_RxCpltCallback)
    HAL_UART_Transmit                        0x0800456d   Thumb Code   178  stm32f4xx_hal_uart.o(i.HAL_UART_Transmit)
    HAL_UART_TxCpltCallback                  0x0800461f   Thumb Code     2  stm32f4xx_hal_uart.o(i.HAL_UART_TxCpltCallback)
    HardFault_Handler                        0x08004621   Thumb Code     2  stm32f4xx_it.o(i.HardFault_Handler)
    MFRC522_AntennaOn                        0x08004623   Thumb Code    26  rc522.o(i.MFRC522_AntennaOn)
    MFRC522_Anticoll                         0x0800463d   Thumb Code    66  rc522.o(i.MFRC522_Anticoll)
    MFRC522_CalculateCRC                     0x0800467f   Thumb Code    94  rc522.o(i.MFRC522_CalculateCRC)
    MFRC522_Check                            0x080046dd   Thumb Code    32  rc522.o(i.MFRC522_Check)
    MFRC522_ClearBitMask                     0x080046fd   Thumb Code    24  rc522.o(i.MFRC522_ClearBitMask)
    MFRC522_Compare                          0x08004715   Thumb Code    28  rc522.o(i.MFRC522_Compare)
    MFRC522_Halt                             0x08004731   Thumb Code    44  rc522.o(i.MFRC522_Halt)
    MFRC522_Init                             0x0800475d   Thumb Code    70  rc522.o(i.MFRC522_Init)
    MFRC522_ReadRegister                     0x080047a3   Thumb Code    14  rc522.o(i.MFRC522_ReadRegister)
    MFRC522_Request                          0x080047b1   Thumb Code    46  rc522.o(i.MFRC522_Request)
    MFRC522_Reset                            0x080047df   Thumb Code     8  rc522.o(i.MFRC522_Reset)
    MFRC522_SetBitMask                       0x080047e7   Thumb Code    24  rc522.o(i.MFRC522_SetBitMask)
    MFRC522_ToCard                           0x080047ff   Thumb Code   276  rc522.o(i.MFRC522_ToCard)
    MFRC522_WriteRegister                    0x08004913   Thumb Code    10  rc522.o(i.MFRC522_WriteRegister)
    MX_GPIO_Init                             0x0800491d   Thumb Code   146  gpio.o(i.MX_GPIO_Init)
    MX_RTC_Init                              0x080049bd   Thumb Code   124  rtc.o(i.MX_RTC_Init)
    MX_SPI1_Init                             0x08004a41   Thumb Code    60  spi.o(i.MX_SPI1_Init)
    MX_TIM3_Init                             0x08004a85   Thumb Code    98  tim.o(i.MX_TIM3_Init)
    MX_TIM5_Init                             0x08004af1   Thumb Code    94  tim.o(i.MX_TIM5_Init)
    MX_USART2_UART_Init                      0x08004b59   Thumb Code    48  usart.o(i.MX_USART2_UART_Init)
    MX_USART6_UART_Init                      0x08004b91   Thumb Code    48  usart.o(i.MX_USART6_UART_Init)
    MemManage_Handler                        0x08004bc9   Thumb Code     2  stm32f4xx_it.o(i.MemManage_Handler)
    NMI_Handler                              0x08004bcb   Thumb Code     2  stm32f4xx_it.o(i.NMI_Handler)
    PendSV_Handler                           0x08004bcd   Thumb Code     2  stm32f4xx_it.o(i.PendSV_Handler)
    RTC_Bcd2ToByte                           0x08004bcf   Thumb Code    18  stm32f4xx_hal_rtc.o(i.RTC_Bcd2ToByte)
    RTC_ByteToBcd2                           0x08004be1   Thumb Code    22  stm32f4xx_hal_rtc.o(i.RTC_ByteToBcd2)
    RTC_EnterInitMode                        0x08004bf9   Thumb Code    58  stm32f4xx_hal_rtc.o(i.RTC_EnterInitMode)
    SPI1SendByte                             0x08004c35   Thumb Code    28  rc522.o(i.SPI1SendByte)
    SPI1_ReadReg                             0x08004c55   Thumb Code    44  rc522.o(i.SPI1_ReadReg)
    SPI1_WriteReg                            0x08004c85   Thumb Code    44  rc522.o(i.SPI1_WriteReg)
    SVC_Handler                              0x08004dc5   Thumb Code     2  stm32f4xx_it.o(i.SVC_Handler)
    SysTick_Handler                          0x08004dc7   Thumb Code     4  stm32f4xx_it.o(i.SysTick_Handler)
    SystemClock_Config                       0x08004dcd   Thumb Code   138  main.o(i.SystemClock_Config)
    SystemInit                               0x08004e61   Thumb Code    12  system_stm32f4xx.o(i.SystemInit)
    TIM3_IRQHandler                          0x08004e71   Thumb Code     6  stm32f4xx_it.o(i.TIM3_IRQHandler)
    TIM_Base_SetConfig                       0x08004e7d   Thumb Code   122  stm32f4xx_hal_tim.o(i.TIM_Base_SetConfig)
    TIM_ETR_SetConfig                        0x08004f15   Thumb Code    20  stm32f4xx_hal_tim.o(i.TIM_ETR_SetConfig)
    UART_Start_Receive_IT                    0x080051a9   Thumb Code    54  stm32f4xx_hal_uart.o(i.UART_Start_Receive_IT)
    USART2_IRQHandler                        0x08005259   Thumb Code     6  stm32f4xx_it.o(i.USART2_IRQHandler)
    USART6_IRQHandler                        0x08005265   Thumb Code     6  stm32f4xx_it.o(i.USART6_IRQHandler)
    UsageFault_Handler                       0x08005271   Thumb Code     2  stm32f4xx_it.o(i.UsageFault_Handler)
    __ARM_fpclassify                         0x08005273   Thumb Code    48  fpclassify.o(i.__ARM_fpclassify)
    __hardfp___mathlib_tofloat               0x080052c9   Thumb Code   232  narrow.o(i.__hardfp___mathlib_tofloat)
    __hardfp_ldexp                           0x080053c1   Thumb Code   200  ldexp.o(i.__hardfp_ldexp)
    __mathlib_dbl_overflow                   0x08005491   Thumb Code    24  dunder.o(i.__mathlib_dbl_overflow)
    __mathlib_dbl_underflow                  0x080054b1   Thumb Code    24  dunder.o(i.__mathlib_dbl_underflow)
    __mathlib_narrow                         0x080054d1   Thumb Code    18  narrow.o(i.__mathlib_narrow)
    __support_ldexp                          0x080054e3   Thumb Code    20  ldexp.o(i.__support_ldexp)
    _is_digit                                0x080054f7   Thumb Code    14  __printf_wp.o(i._is_digit)
    call                                     0x08005505   Thumb Code    36  main.o(i.call)
    delay_ms                                 0x08005539   Thumb Code    18  main.o(i.delay_ms)
    frexp                                    0x08005551   Thumb Code   118  frexp.o(i.frexp)
    kt                                       0x080055dd   Thumb Code   234  main.o(i.kt)
    main                                     0x08005751   Thumb Code   398  main.o(i.main)
    message                                  0x080058fd   Thumb Code    66  main.o(i.message)
    _get_lc_numeric                          0x08005969   Thumb Code    44  lc_numeric_c.o(locale$$code)
    _get_lc_ctype                            0x08005995   Thumb Code    44  lc_ctype_c.o(locale$$code)
    __aeabi_d2f                              0x080059c1   Thumb Code     0  d2f.o(x$fpl$d2f)
    _d2f                                     0x080059c1   Thumb Code    98  d2f.o(x$fpl$d2f)
    __fpl_dcheck_NaN1                        0x08005a25   Thumb Code    10  dcheck1.o(x$fpl$dcheck1)
    __fpl_dcmp_Inf                           0x08005a35   Thumb Code    24  dcmpi.o(x$fpl$dcmpinf)
    __aeabi_cdcmpeq                          0x08005a4d   Thumb Code     0  deqf.o(x$fpl$deqf)
    _dcmpeq                                  0x08005a4d   Thumb Code   120  deqf.o(x$fpl$deqf)
    __aeabi_cdcmple                          0x08005ac5   Thumb Code     0  dleqf.o(x$fpl$dleqf)
    _dcmple                                  0x08005ac5   Thumb Code   120  dleqf.o(x$fpl$dleqf)
    __fpl_dcmple_InfNaN                      0x08005b27   Thumb Code     0  dleqf.o(x$fpl$dleqf)
    __aeabi_dmul                             0x08005b3d   Thumb Code     0  dmul.o(x$fpl$dmul)
    _dmul                                    0x08005b3d   Thumb Code   332  dmul.o(x$fpl$dmul)
    __fpl_dnaninf                            0x08005c91   Thumb Code   156  dnaninf.o(x$fpl$dnaninf)
    __fpl_dretinf                            0x08005d2d   Thumb Code    12  dretinf.o(x$fpl$dretinf)
    __aeabi_cdrcmple                         0x08005d39   Thumb Code     0  drleqf.o(x$fpl$drleqf)
    _drcmple                                 0x08005d39   Thumb Code   108  drleqf.o(x$fpl$drleqf)
    __aeabi_f2d                              0x08005da5   Thumb Code     0  f2d.o(x$fpl$f2d)
    _f2d                                     0x08005da5   Thumb Code    86  f2d.o(x$fpl$f2d)
    __fpl_fnaninf                            0x08005dfb   Thumb Code   140  fnaninf.o(x$fpl$fnaninf)
    _fp_init                                 0x08005e87   Thumb Code    10  fpinit.o(x$fpl$fpinit)
    __fplib_config_fpu_vfp                   0x08005e8f   Thumb Code     0  fpinit.o(x$fpl$fpinit)
    __fplib_config_pureend_doubles           0x08005e8f   Thumb Code     0  fpinit.o(x$fpl$fpinit)
    __fpl_fretinf                            0x08005e91   Thumb Code    10  fretinf.o(x$fpl$fretinf)
    __ieee_status                            0x08005e9b   Thumb Code     6  istatus.o(x$fpl$ieeestatus)
    _printf_fp_dec                           0x08005ea1   Thumb Code     4  printf1.o(x$fpl$printf1)
    __fpl_return_NaN                         0x08005ea5   Thumb Code   100  retnan.o(x$fpl$retnan)
    __ARM_scalbn                             0x08005f09   Thumb Code    92  scalbn.o(x$fpl$scalbn)
    _scanf_real                              0x08005f65   Thumb Code     4  scanf1.o(x$fpl$scanf1)
    _scanf_hex_real                          0x08005f69   Thumb Code     4  scanf2.o(x$fpl$scanf2)
    _scanf_infnan                            0x08005f6d   Thumb Code     4  scanf2.o(x$fpl$scanf2)
    __fpl_cmpreturn                          0x08005f71   Thumb Code    48  trapv.o(x$fpl$trapveneer)
    AHBPrescTable                            0x08005fa0   Data          16  system_stm32f4xx.o(.constdata)
    __I$use$fp                               0x08005fa0   Number         0  usenofp.o(x$fpl$usenofp)
    APBPrescTable                            0x08005fb0   Data           8  system_stm32f4xx.o(.constdata)
    Region$$Table$$Base                      0x0800612c   Number         0  anon$$obj.o(Region$$Table)
    Region$$Table$$Limit                     0x0800614c   Number         0  anon$$obj.o(Region$$Table)
    __aeabi_HUGE_VAL                         0x0800614c   Data           0  fpconst.o(c$$dinf)
    __aeabi_HUGE_VALL                        0x0800614c   Data           0  fpconst.o(c$$dinf)
    __aeabi_INFINITY                         0x0800614c   Data           0  fpconst.o(c$$dinf)
    __dInf                                   0x0800614c   Data           0  fpconst.o(c$$dinf)
    __huge_val                               0x0800614c   Data           0  fpconst.o(c$$dinf)
    __dbl_max                                0x08006154   Data           0  fpconst.o(c$$dmax)
    __ctype                                  0x08006185   Data           0  lc_ctype_c.o(locale$$data)
    rx_data                                  0x20000000   Data           1  main.o(.data)
    rx_index                                 0x20000001   Data           1  main.o(.data)
    DATE                                     0x20000002   Data           4  main.o(.data)
    CardID                                   0x20000006   Data           5  main.o(.data)
    uwTickFreq                               0x2000000c   Data           1  stm32f4xx_hal.o(.data)
    uwTickPrio                               0x20000010   Data           4  stm32f4xx_hal.o(.data)
    uwTick                                   0x20000014   Data           4  stm32f4xx_hal.o(.data)
    SystemCoreClock                          0x20000018   Data           4  system_stm32f4xx.o(.data)
    rx_buffer                                0x2000001c   Data         128  main.o(.bss)
    GPS                                      0x2000009c   Data          88  main.o(.bss)
    HOCSINH                                  0x200000f4   Data         540  main.o(.bss)
    TIME                                     0x20000310   Data          20  main.o(.bss)
    Buf                                      0x20000324   Data         150  main.o(.bss)
    Buf2                                     0x200003ba   Data         150  main.o(.bss)
    hrtc                                     0x20000450   Data          32  rtc.o(.bss)
    hspi1                                    0x20000470   Data          88  spi.o(.bss)
    htim3                                    0x200004c8   Data          72  tim.o(.bss)
    htim5                                    0x20000510   Data          72  tim.o(.bss)
    huart2                                   0x20000558   Data          68  usart.o(.bss)
    huart6                                   0x2000059c   Data          68  usart.o(.bss)
    __libspace_start                         0x200005e0   Data          96  libspace.o(.bss)
    __temporary_stack_top$libspace           0x20000640   Data           0  libspace.o(.bss)



==============================================================================

Memory Map of the image

  Image Entry point : 0x08000199

  Load Region LR_IROM1 (Base: 0x08000000, Size: 0x000062a4, Max: 0x00080000, ABSOLUTE)

    Execution Region ER_IROM1 (Exec base: 0x08000000, Load base: 0x08000000, Size: 0x00006288, Max: 0x00080000, ABSOLUTE)

    Exec Addr    Load Addr    Size         Type   Attr      Idx    E Section Name        Object

    0x08000000   0x08000000   0x00000198   Data   RO            3    RESET               startup_stm32f411xe.o
    0x08000198   0x08000198   0x00000008   Code   RO         4094  * !!!main             c_w.l(__main.o)
    0x080001a0   0x080001a0   0x00000034   Code   RO         4449    !!!scatter          c_w.l(__scatter.o)
    0x080001d4   0x080001d4   0x0000001a   Code   RO         4451    !!handler_copy      c_w.l(__scatter_copy.o)
    0x080001ee   0x080001ee   0x00000002   PAD
    0x080001f0   0x080001f0   0x0000001c   Code   RO         4453    !!handler_zi        c_w.l(__scatter_zi.o)
    0x0800020c   0x0800020c   0x00000000   Code   RO         4077    .ARM.Collect$$_printf_percent$$00000000  c_w.l(_printf_percent.o)
    0x0800020c   0x0800020c   0x00000006   Code   RO         4076    .ARM.Collect$$_printf_percent$$00000003  c_w.l(_printf_f.o)
    0x08000212   0x08000212   0x00000006   Code   RO         4075    .ARM.Collect$$_printf_percent$$00000009  c_w.l(_printf_d.o)
    0x08000218   0x08000218   0x00000006   Code   RO         4074    .ARM.Collect$$_printf_percent$$0000000C  c_w.l(_printf_x.o)
    0x0800021e   0x0800021e   0x00000006   Code   RO         4073    .ARM.Collect$$_printf_percent$$00000014  c_w.l(_printf_s.o)
    0x08000224   0x08000224   0x00000004   Code   RO         4117    .ARM.Collect$$_printf_percent$$00000017  c_w.l(_printf_percent_end.o)
    0x08000228   0x08000228   0x00000002   Code   RO         4244    .ARM.Collect$$libinit$$00000000  c_w.l(libinit.o)
    0x0800022a   0x0800022a   0x00000004   Code   RO         4245    .ARM.Collect$$libinit$$00000001  c_w.l(libinit2.o)
    0x0800022e   0x0800022e   0x00000000   Code   RO         4248    .ARM.Collect$$libinit$$00000004  c_w.l(libinit2.o)
    0x0800022e   0x0800022e   0x00000000   Code   RO         4251    .ARM.Collect$$libinit$$0000000A  c_w.l(libinit2.o)
    0x0800022e   0x0800022e   0x00000000   Code   RO         4253    .ARM.Collect$$libinit$$0000000C  c_w.l(libinit2.o)
    0x0800022e   0x0800022e   0x00000000   Code   RO         4255    .ARM.Collect$$libinit$$0000000E  c_w.l(libinit2.o)
    0x0800022e   0x0800022e   0x00000006   Code   RO         4256    .ARM.Collect$$libinit$$0000000F  c_w.l(libinit2.o)
    0x08000234   0x08000234   0x00000000   Code   RO         4258    .ARM.Collect$$libinit$$00000011  c_w.l(libinit2.o)
    0x08000234   0x08000234   0x0000000c   Code   RO         4259    .ARM.Collect$$libinit$$00000012  c_w.l(libinit2.o)
    0x08000240   0x08000240   0x00000000   Code   RO         4260    .ARM.Collect$$libinit$$00000013  c_w.l(libinit2.o)
    0x08000240   0x08000240   0x00000000   Code   RO         4262    .ARM.Collect$$libinit$$00000015  c_w.l(libinit2.o)
    0x08000240   0x08000240   0x0000000a   Code   RO         4263    .ARM.Collect$$libinit$$00000016  c_w.l(libinit2.o)
    0x0800024a   0x0800024a   0x00000000   Code   RO         4264    .ARM.Collect$$libinit$$00000017  c_w.l(libinit2.o)
    0x0800024a   0x0800024a   0x00000000   Code   RO         4266    .ARM.Collect$$libinit$$00000019  c_w.l(libinit2.o)
    0x0800024a   0x0800024a   0x00000000   Code   RO         4268    .ARM.Collect$$libinit$$0000001B  c_w.l(libinit2.o)
    0x0800024a   0x0800024a   0x00000000   Code   RO         4270    .ARM.Collect$$libinit$$0000001D  c_w.l(libinit2.o)
    0x0800024a   0x0800024a   0x00000000   Code   RO         4272    .ARM.Collect$$libinit$$0000001F  c_w.l(libinit2.o)
    0x0800024a   0x0800024a   0x00000000   Code   RO         4274    .ARM.Collect$$libinit$$00000021  c_w.l(libinit2.o)
    0x0800024a   0x0800024a   0x00000000   Code   RO         4276    .ARM.Collect$$libinit$$00000023  c_w.l(libinit2.o)
    0x0800024a   0x0800024a   0x00000000   Code   RO         4278    .ARM.Collect$$libinit$$00000025  c_w.l(libinit2.o)
    0x0800024a   0x0800024a   0x00000000   Code   RO         4282    .ARM.Collect$$libinit$$0000002C  c_w.l(libinit2.o)
    0x0800024a   0x0800024a   0x00000000   Code   RO         4284    .ARM.Collect$$libinit$$0000002E  c_w.l(libinit2.o)
    0x0800024a   0x0800024a   0x00000000   Code   RO         4286    .ARM.Collect$$libinit$$00000030  c_w.l(libinit2.o)
    0x0800024a   0x0800024a   0x00000000   Code   RO         4288    .ARM.Collect$$libinit$$00000032  c_w.l(libinit2.o)
    0x0800024a   0x0800024a   0x00000002   Code   RO         4289    .ARM.Collect$$libinit$$00000033  c_w.l(libinit2.o)
    0x0800024c   0x0800024c   0x00000002   Code   RO         4396    .ARM.Collect$$libshutdown$$00000000  c_w.l(libshutdown.o)
    0x0800024e   0x0800024e   0x00000000   Code   RO         4426    .ARM.Collect$$libshutdown$$00000002  c_w.l(libshutdown2.o)
    0x0800024e   0x0800024e   0x00000000   Code   RO         4428    .ARM.Collect$$libshutdown$$00000004  c_w.l(libshutdown2.o)
    0x0800024e   0x0800024e   0x00000000   Code   RO         4430    .ARM.Collect$$libshutdown$$00000006  c_w.l(libshutdown2.o)
    0x0800024e   0x0800024e   0x00000000   Code   RO         4433    .ARM.Collect$$libshutdown$$00000009  c_w.l(libshutdown2.o)
    0x0800024e   0x0800024e   0x00000000   Code   RO         4436    .ARM.Collect$$libshutdown$$0000000C  c_w.l(libshutdown2.o)
    0x0800024e   0x0800024e   0x00000000   Code   RO         4438    .ARM.Collect$$libshutdown$$0000000E  c_w.l(libshutdown2.o)
    0x0800024e   0x0800024e   0x00000000   Code   RO         4441    .ARM.Collect$$libshutdown$$00000011  c_w.l(libshutdown2.o)
    0x0800024e   0x0800024e   0x00000002   Code   RO         4442    .ARM.Collect$$libshutdown$$00000012  c_w.l(libshutdown2.o)
    0x08000250   0x08000250   0x00000000   Code   RO         4102    .ARM.Collect$$rtentry$$00000000  c_w.l(__rtentry.o)
    0x08000250   0x08000250   0x00000000   Code   RO         4132    .ARM.Collect$$rtentry$$00000002  c_w.l(__rtentry2.o)
    0x08000250   0x08000250   0x00000006   Code   RO         4144    .ARM.Collect$$rtentry$$00000004  c_w.l(__rtentry4.o)
    0x08000256   0x08000256   0x00000000   Code   RO         4134    .ARM.Collect$$rtentry$$00000009  c_w.l(__rtentry2.o)
    0x08000256   0x08000256   0x00000004   Code   RO         4135    .ARM.Collect$$rtentry$$0000000A  c_w.l(__rtentry2.o)
    0x0800025a   0x0800025a   0x00000000   Code   RO         4137    .ARM.Collect$$rtentry$$0000000C  c_w.l(__rtentry2.o)
    0x0800025a   0x0800025a   0x00000008   Code   RO         4138    .ARM.Collect$$rtentry$$0000000D  c_w.l(__rtentry2.o)
    0x08000262   0x08000262   0x00000002   Code   RO         4302    .ARM.Collect$$rtexit$$00000000  c_w.l(rtexit.o)
    0x08000264   0x08000264   0x00000000   Code   RO         4348    .ARM.Collect$$rtexit$$00000002  c_w.l(rtexit2.o)
    0x08000264   0x08000264   0x00000004   Code   RO         4349    .ARM.Collect$$rtexit$$00000003  c_w.l(rtexit2.o)
    0x08000268   0x08000268   0x00000006   Code   RO         4350    .ARM.Collect$$rtexit$$00000004  c_w.l(rtexit2.o)
    0x0800026e   0x0800026e   0x00000002   PAD
    0x08000270   0x08000270   0x00000040   Code   RO            4    .text               startup_stm32f411xe.o
    0x080002b0   0x080002b0   0x000000ee   Code   RO         4018    .text               c_w.l(lludivv7m.o)
    0x0800039e   0x0800039e   0x00000002   PAD
    0x080003a0   0x080003a0   0x00000028   Code   RO         4022    .text               c_w.l(noretval__2sprintf.o)
    0x080003c8   0x080003c8   0x0000004e   Code   RO         4026    .text               c_w.l(_printf_pad.o)
    0x08000416   0x08000416   0x00000052   Code   RO         4028    .text               c_w.l(_printf_str.o)
    0x08000468   0x08000468   0x00000078   Code   RO         4030    .text               c_w.l(_printf_dec.o)
    0x080004e0   0x080004e0   0x00000058   Code   RO         4035    .text               c_w.l(_printf_hex_int.o)
    0x08000538   0x08000538   0x00000138   Code   RO         4065    .text               c_w.l(__printf_flags_wp.o)
    0x08000670   0x08000670   0x0000003c   Code   RO         4078    .text               c_w.l(__0sscanf.o)
    0x080006ac   0x080006ac   0x0000014c   Code   RO         4080    .text               c_w.l(_scanf_int.o)
    0x080007f8   0x080007f8   0x000000e0   Code   RO         4082    .text               c_w.l(_scanf_str.o)
    0x080008d8   0x080008d8   0x00000048   Code   RO         4084    .text               c_w.l(strcpy.o)
    0x08000920   0x08000920   0x00000096   Code   RO         4086    .text               c_w.l(strncmp.o)
    0x080009b6   0x080009b6   0x00000044   Code   RO         4088    .text               c_w.l(rt_memclr.o)
    0x080009fa   0x080009fa   0x0000004e   Code   RO         4090    .text               c_w.l(rt_memclr_w.o)
    0x08000a48   0x08000a48   0x00000006   Code   RO         4092    .text               c_w.l(heapauxi.o)
    0x08000a4e   0x08000a4e   0x000000b2   Code   RO         4107    .text               c_w.l(_printf_intcommon.o)
    0x08000b00   0x08000b00   0x0000041e   Code   RO         4109    .text               c_w.l(_printf_fp_dec.o)
    0x08000f1e   0x08000f1e   0x00000002   PAD
    0x08000f20   0x08000f20   0x00000030   Code   RO         4111    .text               c_w.l(_printf_char_common.o)
    0x08000f50   0x08000f50   0x0000000a   Code   RO         4113    .text               c_w.l(_sputc.o)
    0x08000f5a   0x08000f5a   0x0000002c   Code   RO         4115    .text               c_w.l(_printf_char.o)
    0x08000f86   0x08000f86   0x0000001c   Code   RO         4118    .text               c_w.l(_chval.o)
    0x08000fa2   0x08000fa2   0x00000002   PAD
    0x08000fa4   0x08000fa4   0x000004f8   Code   RO         4120    .text               c_w.l(scanf_fp.o)
    0x0800149c   0x0800149c   0x0000002c   Code   RO         4122    .text               c_w.l(scanf_char.o)
    0x080014c8   0x080014c8   0x00000040   Code   RO         4124    .text               c_w.l(_sgetc.o)
    0x08001508   0x08001508   0x00000008   Code   RO         4151    .text               c_w.l(rt_locale_intlibspace.o)
    0x08001510   0x08001510   0x00000008   Code   RO         4156    .text               c_w.l(rt_errno_addr_intlibspace.o)
    0x08001518   0x08001518   0x0000008a   Code   RO         4158    .text               c_w.l(lludiv10.o)
    0x080015a2   0x080015a2   0x00000012   Code   RO         4160    .text               c_w.l(isspace.o)
    0x080015b4   0x080015b4   0x00000080   Code   RO         4162    .text               c_w.l(_printf_fp_infnan.o)
    0x08001634   0x08001634   0x00000374   Code   RO         4166    .text               c_w.l(_scanf.o)
    0x080019a8   0x080019a8   0x000000e4   Code   RO         4168    .text               c_w.l(bigflt0.o)
    0x08001a8c   0x08001a8c   0x00000008   Code   RO         4218    .text               c_w.l(libspace.o)
    0x08001a94   0x08001a94   0x0000004a   Code   RO         4221    .text               c_w.l(sys_stackheap_outer.o)
    0x08001ade   0x08001ade   0x00000002   PAD
    0x08001ae0   0x08001ae0   0x00000010   Code   RO         4223    .text               c_w.l(rt_ctype_table.o)
    0x08001af0   0x08001af0   0x00000016   Code   RO         4225    .text               c_w.l(_rserrno.o)
    0x08001b06   0x08001b06   0x00000002   PAD
    0x08001b08   0x08001b08   0x00000320   Code   RO         4227    .text               c_w.l(scanf_hexfp.o)
    0x08001e28   0x08001e28   0x00000134   Code   RO         4229    .text               c_w.l(scanf_infnan.o)
    0x08001f5c   0x08001f5c   0x00000012   Code   RO         4231    .text               c_w.l(exit.o)
    0x08001f6e   0x08001f6e   0x00000002   PAD
    0x08001f70   0x08001f70   0x00000080   Code   RO         4237    .text               c_w.l(strcmpv7m.o)
    0x08001ff0   0x08001ff0   0x00000026   Code   RO         4306    .text               c_w.l(llshl.o)
    0x08002016   0x08002016   0x00000002   PAD
    0x08002018   0x08002018   0x0000000c   Code   RO         4345    .text               c_w.l(sys_exit.o)
    0x08002024   0x08002024   0x00000002   Code   RO         4383    .text               c_w.l(use_no_semi.o)
    0x08002026   0x08002026   0x00000000   Code   RO         4385    .text               c_w.l(indicate_semi.o)
    0x08002026   0x08002026   0x0000003e   Code   RO         4171    CL$$btod_d2e        c_w.l(btod.o)
    0x08002064   0x08002064   0x00000046   Code   RO         4173    CL$$btod_d2e_denorm_low  c_w.l(btod.o)
    0x080020aa   0x080020aa   0x00000060   Code   RO         4172    CL$$btod_d2e_norm_op1  c_w.l(btod.o)
    0x0800210a   0x0800210a   0x00000338   Code   RO         4181    CL$$btod_div_common  c_w.l(btod.o)
    0x08002442   0x08002442   0x00000002   PAD
    0x08002444   0x08002444   0x00000084   Code   RO         4179    CL$$btod_e2d        c_w.l(btod.o)
    0x080024c8   0x080024c8   0x000000dc   Code   RO         4178    CL$$btod_e2e        c_w.l(btod.o)
    0x080025a4   0x080025a4   0x0000002a   Code   RO         4175    CL$$btod_ediv       c_w.l(btod.o)
    0x080025ce   0x080025ce   0x0000002a   Code   RO         4177    CL$$btod_edivd      c_w.l(btod.o)
    0x080025f8   0x080025f8   0x0000002a   Code   RO         4174    CL$$btod_emul       c_w.l(btod.o)
    0x08002622   0x08002622   0x0000002a   Code   RO         4176    CL$$btod_emuld      c_w.l(btod.o)
    0x0800264c   0x0800264c   0x00000244   Code   RO         4180    CL$$btod_mult_common  c_w.l(btod.o)
    0x08002890   0x08002890   0x00000002   Code   RO          606    i.BusFault_Handler  stm32f4xx_it.o
    0x08002892   0x08002892   0x00000002   Code   RO          607    i.DebugMon_Handler  stm32f4xx_it.o
    0x08002894   0x08002894   0x00000004   Code   RO          260    i.Error_Handler     main.o
    0x08002898   0x08002898   0x00000014   Code   RO          261    i.GPS_Init          main.o
    0x080028ac   0x080028ac   0x00000050   Code   RO          262    i.GPS_UART_CallBack  main.o
    0x080028fc   0x080028fc   0x0000004c   Code   RO          263    i.GPS_nmea_to_dec   main.o
    0x08002948   0x08002948   0x000001b0   Code   RO          264    i.GPS_parse         main.o
    0x08002af8   0x08002af8   0x00000058   Code   RO          265    i.GPS_validate      main.o
    0x08002b50   0x08002b50   0x00000092   Code   RO         1635    i.HAL_DMA_Abort     stm32f4xx_hal_dma.o
    0x08002be2   0x08002be2   0x00000024   Code   RO         1636    i.HAL_DMA_Abort_IT  stm32f4xx_hal_dma.o
    0x08002c06   0x08002c06   0x00000002   PAD
    0x08002c08   0x08002c08   0x00000024   Code   RO         2078    i.HAL_Delay         stm32f4xx_hal.o
    0x08002c2c   0x08002c2c   0x000001e0   Code   RO         1528    i.HAL_GPIO_Init     stm32f4xx_hal_gpio.o
    0x08002e0c   0x08002e0c   0x0000000a   Code   RO         1532    i.HAL_GPIO_WritePin  stm32f4xx_hal_gpio.o
    0x08002e16   0x08002e16   0x00000002   PAD
    0x08002e18   0x08002e18   0x0000000c   Code   RO         2084    i.HAL_GetTick       stm32f4xx_hal.o
    0x08002e24   0x08002e24   0x00000010   Code   RO         2090    i.HAL_IncTick       stm32f4xx_hal.o
    0x08002e34   0x08002e34   0x00000034   Code   RO         2091    i.HAL_Init          stm32f4xx_hal.o
    0x08002e68   0x08002e68   0x00000040   Code   RO         2092    i.HAL_InitTick      stm32f4xx_hal.o
    0x08002ea8   0x08002ea8   0x00000030   Code   RO          700    i.HAL_MspInit       stm32f4xx_hal_msp.o
    0x08002ed8   0x08002ed8   0x0000001a   Code   RO         1941    i.HAL_NVIC_EnableIRQ  stm32f4xx_hal_cortex.o
    0x08002ef2   0x08002ef2   0x00000002   PAD
    0x08002ef4   0x08002ef4   0x00000040   Code   RO         1947    i.HAL_NVIC_SetPriority  stm32f4xx_hal_cortex.o
    0x08002f34   0x08002f34   0x00000024   Code   RO         1948    i.HAL_NVIC_SetPriorityGrouping  stm32f4xx_hal_cortex.o
    0x08002f58   0x08002f58   0x00000154   Code   RO         1225    i.HAL_RCCEx_PeriphCLKConfig  stm32f4xx_hal_rcc_ex.o
    0x080030ac   0x080030ac   0x00000134   Code   RO         1120    i.HAL_RCC_ClockConfig  stm32f4xx_hal_rcc.o
    0x080031e0   0x080031e0   0x00000020   Code   RO         1127    i.HAL_RCC_GetPCLK1Freq  stm32f4xx_hal_rcc.o
    0x08003200   0x08003200   0x00000020   Code   RO         1128    i.HAL_RCC_GetPCLK2Freq  stm32f4xx_hal_rcc.o
    0x08003220   0x08003220   0x00000064   Code   RO         1129    i.HAL_RCC_GetSysClockFreq  stm32f4xx_hal_rcc.o
    0x08003284   0x08003284   0x0000036c   Code   RO         1132    i.HAL_RCC_OscConfig  stm32f4xx_hal_rcc.o
    0x080035f0   0x080035f0   0x00000044   Code   RO          734    i.HAL_RTC_GetDate   stm32f4xx_hal_rtc.o
    0x08003634   0x08003634   0x00000058   Code   RO          736    i.HAL_RTC_GetTime   stm32f4xx_hal_rtc.o
    0x0800368c   0x0800368c   0x000000ac   Code   RO          737    i.HAL_RTC_Init      stm32f4xx_hal_rtc.o
    0x08003738   0x08003738   0x0000003c   Code   RO          427    i.HAL_RTC_MspInit   rtc.o
    0x08003774   0x08003774   0x000000c8   Code   RO          743    i.HAL_RTC_SetDate   stm32f4xx_hal_rtc.o
    0x0800383c   0x0800383c   0x000000ec   Code   RO          744    i.HAL_RTC_SetTime   stm32f4xx_hal_rtc.o
    0x08003928   0x08003928   0x00000036   Code   RO          745    i.HAL_RTC_WaitForSynchro  stm32f4xx_hal_rtc.o
    0x0800395e   0x0800395e   0x000000bc   Code   RO         2340    i.HAL_SPI_Init      stm32f4xx_hal_spi.o
    0x08003a1a   0x08003a1a   0x00000002   PAD
    0x08003a1c   0x08003a1c   0x00000068   Code   RO          469    i.HAL_SPI_MspInit   spi.o
    0x08003a84   0x08003a84   0x000001e2   Code   RO         2349    i.HAL_SPI_TransmitReceive  stm32f4xx_hal_spi.o
    0x08003c66   0x08003c66   0x00000028   Code   RO         1952    i.HAL_SYSTICK_Config  stm32f4xx_hal_cortex.o
    0x08003c8e   0x08003c8e   0x00000002   Code   RO         3357    i.HAL_TIMEx_BreakCallback  stm32f4xx_hal_tim_ex.o
    0x08003c90   0x08003c90   0x00000002   Code   RO         3358    i.HAL_TIMEx_CommutCallback  stm32f4xx_hal_tim_ex.o
    0x08003c92   0x08003c92   0x00000002   PAD
    0x08003c94   0x08003c94   0x0000007c   Code   RO         3376    i.HAL_TIMEx_MasterConfigSynchronization  stm32f4xx_hal_tim_ex.o
    0x08003d10   0x08003d10   0x0000005a   Code   RO         2653    i.HAL_TIM_Base_Init  stm32f4xx_hal_tim.o
    0x08003d6a   0x08003d6a   0x00000002   PAD
    0x08003d6c   0x08003d6c   0x00000054   Code   RO          511    i.HAL_TIM_Base_MspInit  tim.o
    0x08003dc0   0x08003dc0   0x00000064   Code   RO         2656    i.HAL_TIM_Base_Start  stm32f4xx_hal_tim.o
    0x08003e24   0x08003e24   0x0000006c   Code   RO         2658    i.HAL_TIM_Base_Start_IT  stm32f4xx_hal_tim.o
    0x08003e90   0x08003e90   0x000000dc   Code   RO         2662    i.HAL_TIM_ConfigClockSource  stm32f4xx_hal_tim.o
    0x08003f6c   0x08003f6c   0x00000002   Code   RO         2687    i.HAL_TIM_IC_CaptureCallback  stm32f4xx_hal_tim.o
    0x08003f6e   0x08003f6e   0x00000166   Code   RO         2701    i.HAL_TIM_IRQHandler  stm32f4xx_hal_tim.o
    0x080040d4   0x080040d4   0x00000002   Code   RO         2704    i.HAL_TIM_OC_DelayElapsedCallback  stm32f4xx_hal_tim.o
    0x080040d6   0x080040d6   0x00000002   Code   RO         2731    i.HAL_TIM_PWM_PulseFinishedCallback  stm32f4xx_hal_tim.o
    0x080040d8   0x080040d8   0x0000007c   Code   RO          266    i.HAL_TIM_PeriodElapsedCallback  main.o
    0x08004154   0x08004154   0x00000002   Code   RO         2744    i.HAL_TIM_TriggerCallback  stm32f4xx_hal_tim.o
    0x08004156   0x08004156   0x00000002   Code   RO         3635    i.HAL_UARTEx_RxEventCallback  stm32f4xx_hal_uart.o
    0x08004158   0x08004158   0x00000002   Code   RO         3649    i.HAL_UART_ErrorCallback  stm32f4xx_hal_uart.o
    0x0800415a   0x0800415a   0x00000002   PAD
    0x0800415c   0x0800415c   0x00000268   Code   RO         3652    i.HAL_UART_IRQHandler  stm32f4xx_hal_uart.o
    0x080043c4   0x080043c4   0x00000062   Code   RO         3653    i.HAL_UART_Init     stm32f4xx_hal_uart.o
    0x08004426   0x08004426   0x00000002   PAD
    0x08004428   0x08004428   0x000000cc   Code   RO          559    i.HAL_UART_MspInit  usart.o
    0x080044f4   0x080044f4   0x0000002a   Code   RO         3658    i.HAL_UART_Receive_IT  stm32f4xx_hal_uart.o
    0x0800451e   0x0800451e   0x00000002   PAD
    0x08004520   0x08004520   0x0000004c   Code   RO          267    i.HAL_UART_RxCpltCallback  main.o
    0x0800456c   0x0800456c   0x000000b2   Code   RO         3661    i.HAL_UART_Transmit  stm32f4xx_hal_uart.o
    0x0800461e   0x0800461e   0x00000002   Code   RO         3664    i.HAL_UART_TxCpltCallback  stm32f4xx_hal_uart.o
    0x08004620   0x08004620   0x00000002   Code   RO          608    i.HardFault_Handler  stm32f4xx_it.o
    0x08004622   0x08004622   0x0000001a   Code   RO           14    i.MFRC522_AntennaOn  rc522.o
    0x0800463c   0x0800463c   0x00000042   Code   RO           15    i.MFRC522_Anticoll  rc522.o
    0x0800467e   0x0800467e   0x0000005e   Code   RO           17    i.MFRC522_CalculateCRC  rc522.o
    0x080046dc   0x080046dc   0x00000020   Code   RO           18    i.MFRC522_Check     rc522.o
    0x080046fc   0x080046fc   0x00000018   Code   RO           19    i.MFRC522_ClearBitMask  rc522.o
    0x08004714   0x08004714   0x0000001c   Code   RO           20    i.MFRC522_Compare   rc522.o
    0x08004730   0x08004730   0x0000002c   Code   RO           21    i.MFRC522_Halt      rc522.o
    0x0800475c   0x0800475c   0x00000046   Code   RO           22    i.MFRC522_Init      rc522.o
    0x080047a2   0x080047a2   0x0000000e   Code   RO           24    i.MFRC522_ReadRegister  rc522.o
    0x080047b0   0x080047b0   0x0000002e   Code   RO           25    i.MFRC522_Request   rc522.o
    0x080047de   0x080047de   0x00000008   Code   RO           26    i.MFRC522_Reset     rc522.o
    0x080047e6   0x080047e6   0x00000018   Code   RO           28    i.MFRC522_SetBitMask  rc522.o
    0x080047fe   0x080047fe   0x00000114   Code   RO           29    i.MFRC522_ToCard    rc522.o
    0x08004912   0x08004912   0x0000000a   Code   RO           31    i.MFRC522_WriteRegister  rc522.o
    0x0800491c   0x0800491c   0x000000a0   Code   RO          402    i.MX_GPIO_Init      gpio.o
    0x080049bc   0x080049bc   0x00000084   Code   RO          428    i.MX_RTC_Init       rtc.o
    0x08004a40   0x08004a40   0x00000044   Code   RO          470    i.MX_SPI1_Init      spi.o
    0x08004a84   0x08004a84   0x0000006c   Code   RO          512    i.MX_TIM3_Init      tim.o
    0x08004af0   0x08004af0   0x00000068   Code   RO          513    i.MX_TIM5_Init      tim.o
    0x08004b58   0x08004b58   0x00000038   Code   RO          560    i.MX_USART2_UART_Init  usart.o
    0x08004b90   0x08004b90   0x00000038   Code   RO          561    i.MX_USART6_UART_Init  usart.o
    0x08004bc8   0x08004bc8   0x00000002   Code   RO          609    i.MemManage_Handler  stm32f4xx_it.o
    0x08004bca   0x08004bca   0x00000002   Code   RO          610    i.NMI_Handler       stm32f4xx_it.o
    0x08004bcc   0x08004bcc   0x00000002   Code   RO          611    i.PendSV_Handler    stm32f4xx_it.o
    0x08004bce   0x08004bce   0x00000012   Code   RO          746    i.RTC_Bcd2ToByte    stm32f4xx_hal_rtc.o
    0x08004be0   0x08004be0   0x00000016   Code   RO          747    i.RTC_ByteToBcd2    stm32f4xx_hal_rtc.o
    0x08004bf6   0x08004bf6   0x00000002   PAD
    0x08004bf8   0x08004bf8   0x0000003a   Code   RO          748    i.RTC_EnterInitMode  stm32f4xx_hal_rtc.o
    0x08004c32   0x08004c32   0x00000002   PAD
    0x08004c34   0x08004c34   0x00000020   Code   RO           32    i.SPI1SendByte      rc522.o
    0x08004c54   0x08004c54   0x00000030   Code   RO           33    i.SPI1_ReadReg      rc522.o
    0x08004c84   0x08004c84   0x00000030   Code   RO           34    i.SPI1_WriteReg     rc522.o
    0x08004cb4   0x08004cb4   0x00000058   Code   RO         2378    i.SPI_EndRxTxTransaction  stm32f4xx_hal_spi.o
    0x08004d0c   0x08004d0c   0x000000b8   Code   RO         2383    i.SPI_WaitFlagStateUntilTimeout  stm32f4xx_hal_spi.o
    0x08004dc4   0x08004dc4   0x00000002   Code   RO          612    i.SVC_Handler       stm32f4xx_it.o
    0x08004dc6   0x08004dc6   0x00000004   Code   RO          613    i.SysTick_Handler   stm32f4xx_it.o
    0x08004dca   0x08004dca   0x00000002   PAD
    0x08004dcc   0x08004dcc   0x00000094   Code   RO          268    i.SystemClock_Config  main.o
    0x08004e60   0x08004e60   0x00000010   Code   RO         3982    i.SystemInit        system_stm32f4xx.o
    0x08004e70   0x08004e70   0x0000000c   Code   RO          614    i.TIM3_IRQHandler   stm32f4xx_it.o
    0x08004e7c   0x08004e7c   0x00000098   Code   RO         2746    i.TIM_Base_SetConfig  stm32f4xx_hal_tim.o
    0x08004f14   0x08004f14   0x00000014   Code   RO         2757    i.TIM_ETR_SetConfig  stm32f4xx_hal_tim.o
    0x08004f28   0x08004f28   0x00000010   Code   RO         2758    i.TIM_ITRx_SetConfig  stm32f4xx_hal_tim.o
    0x08004f38   0x08004f38   0x00000022   Code   RO         2764    i.TIM_TI1_ConfigInputStage  stm32f4xx_hal_tim.o
    0x08004f5a   0x08004f5a   0x00000024   Code   RO         2766    i.TIM_TI2_ConfigInputStage  stm32f4xx_hal_tim.o
    0x08004f7e   0x08004f7e   0x00000010   Code   RO         3666    i.UART_DMAAbortOnError  stm32f4xx_hal_uart.o
    0x08004f8e   0x08004f8e   0x0000004e   Code   RO         3676    i.UART_EndRxTransfer  stm32f4xx_hal_uart.o
    0x08004fdc   0x08004fdc   0x000000c0   Code   RO         3678    i.UART_Receive_IT   stm32f4xx_hal_uart.o
    0x0800509c   0x0800509c   0x0000010c   Code   RO         3679    i.UART_SetConfig    stm32f4xx_hal_uart.o
    0x080051a8   0x080051a8   0x00000036   Code   RO         3681    i.UART_Start_Receive_IT  stm32f4xx_hal_uart.o
    0x080051de   0x080051de   0x00000078   Code   RO         3682    i.UART_WaitOnFlagUntilTimeout  stm32f4xx_hal_uart.o
    0x08005256   0x08005256   0x00000002   PAD
    0x08005258   0x08005258   0x0000000c   Code   RO          615    i.USART2_IRQHandler  stm32f4xx_it.o
    0x08005264   0x08005264   0x0000000c   Code   RO          616    i.USART6_IRQHandler  stm32f4xx_it.o
    0x08005270   0x08005270   0x00000002   Code   RO          617    i.UsageFault_Handler  stm32f4xx_it.o
    0x08005272   0x08005272   0x00000030   Code   RO         4208    i.__ARM_fpclassify  m_wm.l(fpclassify.o)
    0x080052a2   0x080052a2   0x00000020   Code   RO         1954    i.__NVIC_SetPriority  stm32f4xx_hal_cortex.o
    0x080052c2   0x080052c2   0x00000006   PAD
    0x080052c8   0x080052c8   0x000000f8   Code   RO         4210    i.__hardfp___mathlib_tofloat  m_wm.l(narrow.o)
    0x080053c0   0x080053c0   0x000000d0   Code   RO         4329    i.__hardfp_ldexp    m_wm.l(ldexp.o)
    0x08005490   0x08005490   0x00000020   Code   RO         4368    i.__mathlib_dbl_overflow  m_wm.l(dunder.o)
    0x080054b0   0x080054b0   0x00000020   Code   RO         4370    i.__mathlib_dbl_underflow  m_wm.l(dunder.o)
    0x080054d0   0x080054d0   0x00000012   Code   RO         4211    i.__mathlib_narrow  m_wm.l(narrow.o)
    0x080054e2   0x080054e2   0x00000014   Code   RO         4331    i.__support_ldexp   m_wm.l(ldexp.o)
    0x080054f6   0x080054f6   0x0000000e   Code   RO         4063    i._is_digit         c_w.l(__printf_wp.o)
    0x08005504   0x08005504   0x00000034   Code   RO          269    i.call              main.o
    0x08005538   0x08005538   0x00000018   Code   RO          270    i.delay_ms          main.o
    0x08005550   0x08005550   0x0000008c   Code   RO         4298    i.frexp             m_wm.l(frexp.o)
    0x080055dc   0x080055dc   0x00000174   Code   RO          271    i.kt                main.o
    0x08005750   0x08005750   0x000001ac   Code   RO          272    i.main              main.o
    0x080058fc   0x080058fc   0x0000006c   Code   RO          273    i.message           main.o
    0x08005968   0x08005968   0x0000002c   Code   RO         4194    locale$$code        c_w.l(lc_numeric_c.o)
    0x08005994   0x08005994   0x0000002c   Code   RO         4309    locale$$code        c_w.l(lc_ctype_c.o)
    0x080059c0   0x080059c0   0x00000062   Code   RO         4290    x$fpl$d2f           fz_wm.l(d2f.o)
    0x08005a22   0x08005a22   0x00000002   PAD
    0x08005a24   0x08005a24   0x00000010   Code   RO         4403    x$fpl$dcheck1       fz_wm.l(dcheck1.o)
    0x08005a34   0x08005a34   0x00000018   Code   RO         4317    x$fpl$dcmpinf       fz_wm.l(dcmpi.o)
    0x08005a4c   0x08005a4c   0x00000078   Code   RO         4292    x$fpl$deqf          fz_wm.l(deqf.o)
    0x08005ac4   0x08005ac4   0x00000078   Code   RO         4319    x$fpl$dleqf         fz_wm.l(dleqf.o)
    0x08005b3c   0x08005b3c   0x00000154   Code   RO         4321    x$fpl$dmul          fz_wm.l(dmul.o)
    0x08005c90   0x08005c90   0x0000009c   Code   RO         4323    x$fpl$dnaninf       fz_wm.l(dnaninf.o)
    0x08005d2c   0x08005d2c   0x0000000c   Code   RO         4126    x$fpl$dretinf       fz_wm.l(dretinf.o)
    0x08005d38   0x08005d38   0x0000006c   Code   RO         4294    x$fpl$drleqf        fz_wm.l(drleqf.o)
    0x08005da4   0x08005da4   0x00000056   Code   RO         4096    x$fpl$f2d           fz_wm.l(f2d.o)
    0x08005dfa   0x08005dfa   0x0000008c   Code   RO         4128    x$fpl$fnaninf       fz_wm.l(fnaninf.o)
    0x08005e86   0x08005e86   0x0000000a   Code   RO         4325    x$fpl$fpinit        fz_wm.l(fpinit.o)
    0x08005e90   0x08005e90   0x0000000a   Code   RO         4327    x$fpl$fretinf       fz_wm.l(fretinf.o)
    0x08005e9a   0x08005e9a   0x00000006   Code   RO         4200    x$fpl$ieeestatus    fz_wm.l(istatus.o)
    0x08005ea0   0x08005ea0   0x00000004   Code   RO         4098    x$fpl$printf1       fz_wm.l(printf1.o)
    0x08005ea4   0x08005ea4   0x00000064   Code   RO         4443    x$fpl$retnan        fz_wm.l(retnan.o)
    0x08005f08   0x08005f08   0x0000005c   Code   RO         4362    x$fpl$scalbn        fz_wm.l(scalbn.o)
    0x08005f64   0x08005f64   0x00000004   Code   RO         4100    x$fpl$scanf1        fz_wm.l(scanf1.o)
    0x08005f68   0x08005f68   0x00000008   Code   RO         4202    x$fpl$scanf2        fz_wm.l(scanf2.o)
    0x08005f70   0x08005f70   0x00000030   Code   RO         4445    x$fpl$trapveneer    fz_wm.l(trapv.o)
    0x08005fa0   0x08005fa0   0x00000000   Code   RO         4130    x$fpl$usenofp       fz_wm.l(usenofp.o)
    0x08005fa0   0x08005fa0   0x00000010   Data   RO         3983    .constdata          system_stm32f4xx.o
    0x08005fb0   0x08005fb0   0x00000008   Data   RO         3984    .constdata          system_stm32f4xx.o
    0x08005fb8   0x08005fb8   0x00000028   Data   RO         4036    .constdata          c_w.l(_printf_hex_int.o)
    0x08005fe0   0x08005fe0   0x00000011   Data   RO         4066    .constdata          c_w.l(__printf_flags_wp.o)
    0x08005ff1   0x08005ff1   0x00000003   PAD
    0x08005ff4   0x08005ff4   0x00000094   Data   RO         4169    .constdata          c_w.l(bigflt0.o)
    0x08006088   0x08006088   0x000000a4   Data   RO          276    .conststring        main.o
    0x0800612c   0x0800612c   0x00000020   Data   RO         4447    Region$$Table       anon$$obj.o
    0x0800614c   0x0800614c   0x00000008   Data   RO         4196    c$$dinf             fz_wm.l(fpconst.o)
    0x08006154   0x08006154   0x00000008   Data   RO         4199    c$$dmax             fz_wm.l(fpconst.o)
    0x0800615c   0x0800615c   0x0000001c   Data   RO         4193    locale$$data        c_w.l(lc_numeric_c.o)
    0x08006178   0x08006178   0x00000110   Data   RO         4308    locale$$data        c_w.l(lc_ctype_c.o)


    Execution Region RW_IRAM1 (Exec base: 0x20000000, Load base: 0x08006288, Size: 0x00000c40, Max: 0x00020000, ABSOLUTE)

    Exec Addr    Load Addr    Size         Type   Attr      Idx    E Section Name        Object

    0x20000000   0x08006288   0x0000000b   Data   RW          277    .data               main.o
    0x2000000b   0x08006293   0x00000001   PAD
    0x2000000c   0x08006294   0x0000000c   Data   RW         2098    .data               stm32f4xx_hal.o
    0x20000018   0x080062a0   0x00000004   Data   RW         3985    .data               system_stm32f4xx.o
    0x2000001c        -       0x00000434   Zero   RW          274    .bss                main.o
    0x20000450        -       0x00000020   Zero   RW          429    .bss                rtc.o
    0x20000470        -       0x00000058   Zero   RW          471    .bss                spi.o
    0x200004c8        -       0x00000090   Zero   RW          514    .bss                tim.o
    0x20000558        -       0x00000088   Zero   RW          562    .bss                usart.o
    0x200005e0        -       0x00000060   Zero   RW         4219    .bss                c_w.l(libspace.o)
    0x20000640        -       0x00000200   Zero   RW            2    HEAP                startup_stm32f411xe.o
    0x20000840        -       0x00000400   Zero   RW            1    STACK               startup_stm32f411xe.o


==============================================================================

Image component sizes


      Code (inc. data)   RO Data    RW Data    ZI Data      Debug   Object Name

       160         14          0          0          0        983   gpio.o
      2032        482        164         11       1076      10883   main.o
       890         12          0          0          0     448414   rc522.o
       192         16          0          0         32       1727   rtc.o
       172         20          0          0         88       1717   spi.o
        64         26        408          0       1536        852   startup_stm32f411xe.o
       180         28          0         12          0       9325   stm32f4xx_hal.o
       198         14          0          0          0      33983   stm32f4xx_hal_cortex.o
       182          0          0          0          0       2123   stm32f4xx_hal_dma.o
       490         34          0          0          0       2196   stm32f4xx_hal_gpio.o
        48          6          0          0          0        870   stm32f4xx_hal_msp.o
      1348         76          0          0          0       5280   stm32f4xx_hal_rcc.o
       340         26          0          0          0       1412   stm32f4xx_hal_rcc_ex.o
       916         30          0          0          0       7580   stm32f4xx_hal_rtc.o
       942         12          0          0          0       4945   stm32f4xx_hal_spi.o
      1142         72          0          0          0      10938   stm32f4xx_hal_tim.o
       128         20          0          0          0       2481   stm32f4xx_hal_tim_ex.o
      1668         16          0          0          0      11456   stm32f4xx_hal_uart.o
        56         18          0          0          0       5648   stm32f4xx_it.o
        16          4         24          4          0       1151   system_stm32f4xx.o
       296         32          0          0        144       2451   tim.o
       316         34          0          0        136       2471   usart.o

    ----------------------------------------------------------------------
     11808        992        628         28       3012     568886   Object Totals
         0          0         32          0          0          0   (incl. Generated)
        32          0          0          1          0          0   (incl. Padding)

    ----------------------------------------------------------------------

      Code (inc. data)   RO Data    RW Data    ZI Data      Debug   Library Member Name

        60          8          0          0          0         84   __0sscanf.o
         8          0          0          0          0         68   __main.o
       312          4         17          0          0         92   __printf_flags_wp.o
        14          0          0          0          0         68   __printf_wp.o
         0          0          0          0          0          0   __rtentry.o
        12          0          0          0          0          0   __rtentry2.o
         6          0          0          0          0          0   __rtentry4.o
        52          8          0          0          0          0   __scatter.o
        26          0          0          0          0          0   __scatter_copy.o
        28          0          0          0          0          0   __scatter_zi.o
        28          0          0          0          0         68   _chval.o
        44          0          0          0          0        108   _printf_char.o
        48          6          0          0          0         96   _printf_char_common.o
         6          0          0          0          0          0   _printf_d.o
       120         16          0          0          0         92   _printf_dec.o
         6          0          0          0          0          0   _printf_f.o
      1054          0          0          0          0        216   _printf_fp_dec.o
       128         16          0          0          0         84   _printf_fp_infnan.o
        88          4         40          0          0         88   _printf_hex_int.o
       178          0          0          0          0         88   _printf_intcommon.o
        78          0          0          0          0        108   _printf_pad.o
         0          0          0          0          0          0   _printf_percent.o
         4          0          0          0          0          0   _printf_percent_end.o
         6          0          0          0          0          0   _printf_s.o
        82          0          0          0          0         80   _printf_str.o
         6          0          0          0          0          0   _printf_x.o
        22          0          0          0          0        100   _rserrno.o
       884          4          0          0          0        100   _scanf.o
       332          0          0          0          0         96   _scanf_int.o
       224          0          0          0          0         96   _scanf_str.o
        64          0          0          0          0         84   _sgetc.o
        10          0          0          0          0         68   _sputc.o
       228          4        148          0          0         96   bigflt0.o
      2152        136          0          0          0        960   btod.o
        18          0          0          0          0         80   exit.o
         6          0          0          0          0        152   heapauxi.o
         0          0          0          0          0          0   indicate_semi.o
        18          0          0          0          0         76   isspace.o
        44         10        272          0          0         76   lc_ctype_c.o
        44         10         28          0          0         76   lc_numeric_c.o
         2          0          0          0          0          0   libinit.o
        34          0          0          0          0          0   libinit2.o
         2          0          0          0          0          0   libshutdown.o
         2          0          0          0          0          0   libshutdown2.o
         8          4          0          0         96         68   libspace.o
        38          0          0          0          0         68   llshl.o
       138          0          0          0          0         80   lludiv10.o
       238          0          0          0          0        100   lludivv7m.o
        40          6          0          0          0         84   noretval__2sprintf.o
        16          4          0          0          0         76   rt_ctype_table.o
         8          4          0          0          0         68   rt_errno_addr_intlibspace.o
         8          4          0          0          0         68   rt_locale_intlibspace.o
        68          0          0          0          0         68   rt_memclr.o
        78          0          0          0          0         80   rt_memclr_w.o
         2          0          0          0          0          0   rtexit.o
        10          0          0          0          0          0   rtexit2.o
        44          8          0          0          0         84   scanf_char.o
      1272         16          0          0          0        168   scanf_fp.o
       800         14          0          0          0        100   scanf_hexfp.o
       308         16          0          0          0        100   scanf_infnan.o
       128          0          0          0          0         68   strcmpv7m.o
        72          0          0          0          0         80   strcpy.o
       150          0          0          0          0         80   strncmp.o
        12          4          0          0          0         68   sys_exit.o
        74          0          0          0          0         80   sys_stackheap_outer.o
         2          0          0          0          0         68   use_no_semi.o
        98          4          0          0          0        140   d2f.o
        16          4          0          0          0        116   dcheck1.o
        24          0          0          0          0        116   dcmpi.o
       120          4          0          0          0        140   deqf.o
       120          4          0          0          0        140   dleqf.o
       340         12          0          0          0        152   dmul.o
       156          4          0          0          0        140   dnaninf.o
        12          0          0          0          0        116   dretinf.o
       108          0          0          0          0        128   drleqf.o
        86          4          0          0          0        132   f2d.o
       140          4          0          0          0        132   fnaninf.o
         0          0         16          0          0          0   fpconst.o
        10          0          0          0          0        116   fpinit.o
        10          0          0          0          0        116   fretinf.o
         6          0          0          0          0        116   istatus.o
         4          0          0          0          0        116   printf1.o
       100          0          0          0          0        116   retnan.o
        92          0          0          0          0        116   scalbn.o
         4          0          0          0          0        116   scanf1.o
         8          0          0          0          0        132   scanf2.o
        48          0          0          0          0        116   trapv.o
         0          0          0          0          0          0   usenofp.o
        64         16          0          0          0        248   dunder.o
        48          0          0          0          0        124   fpclassify.o
       140         22          0          0          0        132   frexp.o
       228          8          0          0          0        308   ldexp.o
       266         16          0          0          0        308   narrow.o

    ----------------------------------------------------------------------
     12264        410        524          0         96       8688   Library Totals
        22          2          3          0          0          0   (incl. Padding)

    ----------------------------------------------------------------------

      Code (inc. data)   RO Data    RW Data    ZI Data      Debug   Library Name

      9994        306        505          0         96       5056   c_w.l
      1502         40         16          0          0       2512   fz_wm.l
       746         62          0          0          0       1120   m_wm.l

    ----------------------------------------------------------------------
     12264        410        524          0         96       8688   Library Totals

    ----------------------------------------------------------------------

==============================================================================


      Code (inc. data)   RO Data    RW Data    ZI Data      Debug   

     24072       1402       1152         28       3108     560966   Grand Totals
     24072       1402       1152         28       3108     560966   ELF Image Totals
     24072       1402       1152         28          0          0   ROM Totals

==============================================================================

    Total RO  Size (Code + RO Data)                25224 (  24.63kB)
    Total RW  Size (RW Data + ZI Data)              3136 (   3.06kB)
    Total ROM Size (Code + RO Data + RW Data)      25252 (  24.66kB)

==============================================================================

